      1                                           introspectBusObject/<@/usr/share/gnome-shell/extensions/ubuntu-appindicators@ubuntu.com/util.js:106:33
      1 -- Logs begin at Mon 2023-08-28 09:20:39 PDT, end at Sat 2023-09-02 01:24:24 PDT. --
      1                                           _newNodeInfo@resource:///org/gnome/gjs/modules/overrides/Gio.js:205:16
      1 Sep 02 00:25:12 ubuntu kernel:   00000-9FFFF write-back
      1 Sep 02 00:25:12 ubuntu kernel: 00:05: ttyS0 at I/O 0x3f8 (irq = 4, base_baud = 115200) is a 16550A
      1 Sep 02 00:25:12 ubuntu kernel:   0 base 000000000000 mask 1FE000000000 write-back
      1 Sep 02 00:25:12 ubuntu kernel:   1 base 0000C0000000 mask 1FFFC0000000 uncachable
      1 Sep 02 00:25:12 ubuntu kernel:   2 disabled
      1 Sep 02 00:25:12 ubuntu kernel:   3 disabled
      1 Sep 02 00:25:12 ubuntu kernel:   4 disabled
      1 Sep 02 00:25:12 ubuntu kernel:   5 disabled
      1 Sep 02 00:25:12 ubuntu kernel:   6 disabled
      1 Sep 02 00:25:12 ubuntu kernel:   7 disabled
      1 Sep 02 00:25:12 ubuntu kernel:   A0000-BFFFF uncachable
      1 Sep 02 00:25:12 ubuntu kernel: ACPI: 1 ACPI AML tables successfully acquired and loaded
      1 Sep 02 00:25:12 ubuntu kernel: ACPI: AC Adapter [ACAD] (on-line)
      1 Sep 02 00:25:12 ubuntu kernel: ACPI: Added _OSI(3.0 _SCP Extensions)
      1 Sep 02 00:25:12 ubuntu kernel: ACPI: Added _OSI(Linux-Dell-Video)
      1 Sep 02 00:25:12 ubuntu kernel: ACPI: Added _OSI(Linux-HPI-Hybrid-Graphics)
      1 Sep 02 00:25:12 ubuntu kernel: ACPI: Added _OSI(Linux-Lenovo-NV-HDMI-Audio)
      1 Sep 02 00:25:12 ubuntu kernel: ACPI: Added _OSI(Module Device)
      1 Sep 02 00:25:12 ubuntu kernel: ACPI: Added _OSI(Processor Aggregator Device)
      1 Sep 02 00:25:12 ubuntu kernel: ACPI: Added _OSI(Processor Device)
      1 Sep 02 00:25:12 ubuntu kernel: ACPI: APIC 0x00000000BFEDD27E 000742 (v01 PTLTD  ? APIC   06040000  LTP 00000000)
      1 Sep 02 00:25:12 ubuntu kernel: ACPI: BOOT 0x00000000BFEDD9C0 000028 (v01 PTLTD  $SBFTBL$ 06040000  LTP 00000001)
      1 Sep 02 00:25:12 ubuntu kernel: ACPI: bus type PCI registered
      1 Sep 02 00:25:12 ubuntu kernel: ACPI: bus type USB registered
      1 Sep 02 00:25:12 ubuntu kernel: ACPI: Core revision 20190816
      1 Sep 02 00:25:12 ubuntu kernel: ACPI: DSDT 0x00000000BFEDD9E8 02148B (v01 PTLTD  Custom   06040000 MSFT 03000001)
      1 Sep 02 00:25:12 ubuntu kernel: ACPI: Early table checksum verification disabled
      1 Sep 02 00:25:12 ubuntu kernel: ACPI: Enabled 4 GPEs in block 00 to 0F
      1 Sep 02 00:25:12 ubuntu kernel: ACPI: FACP 0x00000000BFEFEE73 0000F4 (v04 INTEL  440BX    06040000 PTL  000F4240)
      2 Sep 02 00:25:12 ubuntu kernel: ACPI: FACS 0x00000000BFEFFFC0 000040
      1 Sep 02 00:25:12 ubuntu kernel: ACPI: [Firmware Bug]: BIOS _OSI(Linux) query ignored
      1 Sep 02 00:25:12 ubuntu kernel: ACPI: HPET 0x00000000BFEDC6F7 000038 (v01 VMWARE VMW HPET 06040000 VMW  00000001)
      1 Sep 02 00:25:12 ubuntu kernel: ACPI: HPET id: 0x8086af01 base: 0xfed00000
      1 Sep 02 00:25:12 ubuntu kernel: ACPI: Interpreter enabled
      1 Sep 02 00:25:12 ubuntu kernel: ACPI: INT_SRC_OVR (bus 0 bus_irq 0 global_irq 2 high edge)
      1 Sep 02 00:25:12 ubuntu kernel: ACPI: IRQ0 used by override.
      1 Sep 02 00:25:12 ubuntu kernel: ACPI: IRQ9 used by override.
      1 Sep 02 00:25:12 ubuntu kernel: ACPI: LAPIC_NMI (acpi_id[0x00] high edge lint[0x1])
      1 Sep 02 00:25:12 ubuntu kernel: ACPI: LAPIC_NMI (acpi_id[0x01] high edge lint[0x1])
      1 Sep 02 00:25:12 ubuntu kernel: ACPI: LAPIC_NMI (acpi_id[0x02] high edge lint[0x1])
      1 Sep 02 00:25:12 ubuntu kernel: ACPI: LAPIC_NMI (acpi_id[0x03] high edge lint[0x1])
      1 Sep 02 00:25:12 ubuntu kernel: ACPI: LAPIC_NMI (acpi_id[0x04] high edge lint[0x1])
      1 Sep 02 00:25:12 ubuntu kernel: ACPI: LAPIC_NMI (acpi_id[0x05] high edge lint[0x1])
      1 Sep 02 00:25:12 ubuntu kernel: ACPI: LAPIC_NMI (acpi_id[0x06] high edge lint[0x1])
      1 Sep 02 00:25:12 ubuntu kernel: ACPI: LAPIC_NMI (acpi_id[0x07] high edge lint[0x1])
      1 Sep 02 00:25:12 ubuntu kernel: ACPI: LAPIC_NMI (acpi_id[0x08] high edge lint[0x1])
      1 Sep 02 00:25:12 ubuntu kernel: ACPI: LAPIC_NMI (acpi_id[0x09] high edge lint[0x1])
      1 Sep 02 00:25:12 ubuntu kernel: ACPI: LAPIC_NMI (acpi_id[0x0a] high edge lint[0x1])
      1 Sep 02 00:25:12 ubuntu kernel: ACPI: LAPIC_NMI (acpi_id[0x0b] high edge lint[0x1])
      1 Sep 02 00:25:12 ubuntu kernel: ACPI: LAPIC_NMI (acpi_id[0x0c] high edge lint[0x1])
      1 Sep 02 00:25:12 ubuntu kernel: ACPI: LAPIC_NMI (acpi_id[0x0d] high edge lint[0x1])
      1 Sep 02 00:25:12 ubuntu kernel: ACPI: LAPIC_NMI (acpi_id[0x0e] high edge lint[0x1])
      1 Sep 02 00:25:12 ubuntu kernel: ACPI: LAPIC_NMI (acpi_id[0x0f] high edge lint[0x1])
      1 Sep 02 00:25:12 ubuntu kernel: ACPI: LAPIC_NMI (acpi_id[0x10] high edge lint[0x1])
      1 Sep 02 00:25:12 ubuntu kernel: ACPI: LAPIC_NMI (acpi_id[0x11] high edge lint[0x1])
      1 Sep 02 00:25:12 ubuntu kernel: ACPI: LAPIC_NMI (acpi_id[0x12] high edge lint[0x1])
      1 Sep 02 00:25:12 ubuntu kernel: ACPI: LAPIC_NMI (acpi_id[0x13] high edge lint[0x1])
      1 Sep 02 00:25:12 ubuntu kernel: ACPI: LAPIC_NMI (acpi_id[0x14] high edge lint[0x1])
      1 Sep 02 00:25:12 ubuntu kernel: ACPI: LAPIC_NMI (acpi_id[0x15] high edge lint[0x1])
      1 Sep 02 00:25:12 ubuntu kernel: ACPI: LAPIC_NMI (acpi_id[0x16] high edge lint[0x1])
      1 Sep 02 00:25:12 ubuntu kernel: ACPI: LAPIC_NMI (acpi_id[0x17] high edge lint[0x1])
      1 Sep 02 00:25:12 ubuntu kernel: ACPI: LAPIC_NMI (acpi_id[0x18] high edge lint[0x1])
      1 Sep 02 00:25:12 ubuntu kernel: ACPI: LAPIC_NMI (acpi_id[0x19] high edge lint[0x1])
      1 Sep 02 00:25:12 ubuntu kernel: ACPI: LAPIC_NMI (acpi_id[0x1a] high edge lint[0x1])
      1 Sep 02 00:25:12 ubuntu kernel: ACPI: LAPIC_NMI (acpi_id[0x1b] high edge lint[0x1])
      1 Sep 02 00:25:12 ubuntu kernel: ACPI: LAPIC_NMI (acpi_id[0x1c] high edge lint[0x1])
      1 Sep 02 00:25:12 ubuntu kernel: ACPI: LAPIC_NMI (acpi_id[0x1d] high edge lint[0x1])
      1 Sep 02 00:25:12 ubuntu kernel: ACPI: LAPIC_NMI (acpi_id[0x1e] high edge lint[0x1])
      1 Sep 02 00:25:12 ubuntu kernel: ACPI: LAPIC_NMI (acpi_id[0x1f] high edge lint[0x1])
      1 Sep 02 00:25:12 ubuntu kernel: ACPI: LAPIC_NMI (acpi_id[0x20] high edge lint[0x1])
      1 Sep 02 00:25:12 ubuntu kernel: ACPI: LAPIC_NMI (acpi_id[0x21] high edge lint[0x1])
      1 Sep 02 00:25:12 ubuntu kernel: ACPI: LAPIC_NMI (acpi_id[0x22] high edge lint[0x1])
      1 Sep 02 00:25:12 ubuntu kernel: ACPI: LAPIC_NMI (acpi_id[0x23] high edge lint[0x1])
      1 Sep 02 00:25:12 ubuntu kernel: ACPI: LAPIC_NMI (acpi_id[0x24] high edge lint[0x1])
      1 Sep 02 00:25:12 ubuntu kernel: ACPI: LAPIC_NMI (acpi_id[0x25] high edge lint[0x1])
      1 Sep 02 00:25:12 ubuntu kernel: ACPI: LAPIC_NMI (acpi_id[0x26] high edge lint[0x1])
      1 Sep 02 00:25:12 ubuntu kernel: ACPI: LAPIC_NMI (acpi_id[0x27] high edge lint[0x1])
      1 Sep 02 00:25:12 ubuntu kernel: ACPI: LAPIC_NMI (acpi_id[0x28] high edge lint[0x1])
      1 Sep 02 00:25:12 ubuntu kernel: ACPI: LAPIC_NMI (acpi_id[0x29] high edge lint[0x1])
      1 Sep 02 00:25:12 ubuntu kernel: ACPI: LAPIC_NMI (acpi_id[0x2a] high edge lint[0x1])
      1 Sep 02 00:25:12 ubuntu kernel: ACPI: LAPIC_NMI (acpi_id[0x2b] high edge lint[0x1])
      1 Sep 02 00:25:12 ubuntu kernel: ACPI: LAPIC_NMI (acpi_id[0x2c] high edge lint[0x1])
      1 Sep 02 00:25:12 ubuntu kernel: ACPI: LAPIC_NMI (acpi_id[0x2d] high edge lint[0x1])
      1 Sep 02 00:25:12 ubuntu kernel: ACPI: LAPIC_NMI (acpi_id[0x2e] high edge lint[0x1])
      1 Sep 02 00:25:12 ubuntu kernel: ACPI: LAPIC_NMI (acpi_id[0x2f] high edge lint[0x1])
      1 Sep 02 00:25:12 ubuntu kernel: ACPI: LAPIC_NMI (acpi_id[0x30] high edge lint[0x1])
      1 Sep 02 00:25:12 ubuntu kernel: ACPI: LAPIC_NMI (acpi_id[0x31] high edge lint[0x1])
      1 Sep 02 00:25:12 ubuntu kernel: ACPI: LAPIC_NMI (acpi_id[0x32] high edge lint[0x1])
      1 Sep 02 00:25:12 ubuntu kernel: ACPI: LAPIC_NMI (acpi_id[0x33] high edge lint[0x1])
      1 Sep 02 00:25:12 ubuntu kernel: ACPI: LAPIC_NMI (acpi_id[0x34] high edge lint[0x1])
      1 Sep 02 00:25:12 ubuntu kernel: ACPI: LAPIC_NMI (acpi_id[0x35] high edge lint[0x1])
      1 Sep 02 00:25:12 ubuntu kernel: ACPI: LAPIC_NMI (acpi_id[0x36] high edge lint[0x1])
      1 Sep 02 00:25:12 ubuntu kernel: ACPI: LAPIC_NMI (acpi_id[0x37] high edge lint[0x1])
      1 Sep 02 00:25:12 ubuntu kernel: ACPI: LAPIC_NMI (acpi_id[0x38] high edge lint[0x1])
      1 Sep 02 00:25:12 ubuntu kernel: ACPI: LAPIC_NMI (acpi_id[0x39] high edge lint[0x1])
      1 Sep 02 00:25:12 ubuntu kernel: ACPI: LAPIC_NMI (acpi_id[0x3a] high edge lint[0x1])
      1 Sep 02 00:25:12 ubuntu kernel: ACPI: LAPIC_NMI (acpi_id[0x3b] high edge lint[0x1])
      1 Sep 02 00:25:12 ubuntu kernel: ACPI: LAPIC_NMI (acpi_id[0x3c] high edge lint[0x1])
      1 Sep 02 00:25:12 ubuntu kernel: ACPI: LAPIC_NMI (acpi_id[0x3d] high edge lint[0x1])
      1 Sep 02 00:25:12 ubuntu kernel: ACPI: LAPIC_NMI (acpi_id[0x3e] high edge lint[0x1])
      1 Sep 02 00:25:12 ubuntu kernel: ACPI: LAPIC_NMI (acpi_id[0x3f] high edge lint[0x1])
      1 Sep 02 00:25:12 ubuntu kernel: ACPI: LAPIC_NMI (acpi_id[0x40] high edge lint[0x1])
      1 Sep 02 00:25:12 ubuntu kernel: ACPI: LAPIC_NMI (acpi_id[0x41] high edge lint[0x1])
      1 Sep 02 00:25:12 ubuntu kernel: ACPI: LAPIC_NMI (acpi_id[0x42] high edge lint[0x1])
      1 Sep 02 00:25:12 ubuntu kernel: ACPI: LAPIC_NMI (acpi_id[0x43] high edge lint[0x1])
      1 Sep 02 00:25:12 ubuntu kernel: ACPI: LAPIC_NMI (acpi_id[0x44] high edge lint[0x1])
      1 Sep 02 00:25:12 ubuntu kernel: ACPI: LAPIC_NMI (acpi_id[0x45] high edge lint[0x1])
      1 Sep 02 00:25:12 ubuntu kernel: ACPI: LAPIC_NMI (acpi_id[0x46] high edge lint[0x1])
      1 Sep 02 00:25:12 ubuntu kernel: ACPI: LAPIC_NMI (acpi_id[0x47] high edge lint[0x1])
      1 Sep 02 00:25:12 ubuntu kernel: ACPI: LAPIC_NMI (acpi_id[0x48] high edge lint[0x1])
      1 Sep 02 00:25:12 ubuntu kernel: ACPI: LAPIC_NMI (acpi_id[0x49] high edge lint[0x1])
      1 Sep 02 00:25:12 ubuntu kernel: ACPI: LAPIC_NMI (acpi_id[0x4a] high edge lint[0x1])
      1 Sep 02 00:25:12 ubuntu kernel: ACPI: LAPIC_NMI (acpi_id[0x4b] high edge lint[0x1])
      1 Sep 02 00:25:12 ubuntu kernel: ACPI: LAPIC_NMI (acpi_id[0x4c] high edge lint[0x1])
      1 Sep 02 00:25:12 ubuntu kernel: ACPI: LAPIC_NMI (acpi_id[0x4d] high edge lint[0x1])
      1 Sep 02 00:25:12 ubuntu kernel: ACPI: LAPIC_NMI (acpi_id[0x4e] high edge lint[0x1])
      1 Sep 02 00:25:12 ubuntu kernel: ACPI: LAPIC_NMI (acpi_id[0x4f] high edge lint[0x1])
      1 Sep 02 00:25:12 ubuntu kernel: ACPI: LAPIC_NMI (acpi_id[0x50] high edge lint[0x1])
      1 Sep 02 00:25:12 ubuntu kernel: ACPI: LAPIC_NMI (acpi_id[0x51] high edge lint[0x1])
      1 Sep 02 00:25:12 ubuntu kernel: ACPI: LAPIC_NMI (acpi_id[0x52] high edge lint[0x1])
      1 Sep 02 00:25:12 ubuntu kernel: ACPI: LAPIC_NMI (acpi_id[0x53] high edge lint[0x1])
      1 Sep 02 00:25:12 ubuntu kernel: ACPI: LAPIC_NMI (acpi_id[0x54] high edge lint[0x1])
      1 Sep 02 00:25:12 ubuntu kernel: ACPI: LAPIC_NMI (acpi_id[0x55] high edge lint[0x1])
      1 Sep 02 00:25:12 ubuntu kernel: ACPI: LAPIC_NMI (acpi_id[0x56] high edge lint[0x1])
      1 Sep 02 00:25:12 ubuntu kernel: ACPI: LAPIC_NMI (acpi_id[0x57] high edge lint[0x1])
      1 Sep 02 00:25:12 ubuntu kernel: ACPI: LAPIC_NMI (acpi_id[0x58] high edge lint[0x1])
      1 Sep 02 00:25:12 ubuntu kernel: ACPI: LAPIC_NMI (acpi_id[0x59] high edge lint[0x1])
      1 Sep 02 00:25:12 ubuntu kernel: ACPI: LAPIC_NMI (acpi_id[0x5a] high edge lint[0x1])
      1 Sep 02 00:25:12 ubuntu kernel: ACPI: LAPIC_NMI (acpi_id[0x5b] high edge lint[0x1])
      1 Sep 02 00:25:12 ubuntu kernel: ACPI: LAPIC_NMI (acpi_id[0x5c] high edge lint[0x1])
      1 Sep 02 00:25:12 ubuntu kernel: ACPI: LAPIC_NMI (acpi_id[0x5d] high edge lint[0x1])
      1 Sep 02 00:25:12 ubuntu kernel: ACPI: LAPIC_NMI (acpi_id[0x5e] high edge lint[0x1])
      1 Sep 02 00:25:12 ubuntu kernel: ACPI: LAPIC_NMI (acpi_id[0x5f] high edge lint[0x1])
      1 Sep 02 00:25:12 ubuntu kernel: ACPI: LAPIC_NMI (acpi_id[0x60] high edge lint[0x1])
      1 Sep 02 00:25:12 ubuntu kernel: ACPI: LAPIC_NMI (acpi_id[0x61] high edge lint[0x1])
      1 Sep 02 00:25:12 ubuntu kernel: ACPI: LAPIC_NMI (acpi_id[0x62] high edge lint[0x1])
      1 Sep 02 00:25:12 ubuntu kernel: ACPI: LAPIC_NMI (acpi_id[0x63] high edge lint[0x1])
      1 Sep 02 00:25:12 ubuntu kernel: ACPI: LAPIC_NMI (acpi_id[0x64] high edge lint[0x1])
      1 Sep 02 00:25:12 ubuntu kernel: ACPI: LAPIC_NMI (acpi_id[0x65] high edge lint[0x1])
      1 Sep 02 00:25:12 ubuntu kernel: ACPI: LAPIC_NMI (acpi_id[0x66] high edge lint[0x1])
      1 Sep 02 00:25:12 ubuntu kernel: ACPI: LAPIC_NMI (acpi_id[0x67] high edge lint[0x1])
      1 Sep 02 00:25:12 ubuntu kernel: ACPI: LAPIC_NMI (acpi_id[0x68] high edge lint[0x1])
      1 Sep 02 00:25:12 ubuntu kernel: ACPI: LAPIC_NMI (acpi_id[0x69] high edge lint[0x1])
      1 Sep 02 00:25:12 ubuntu kernel: ACPI: LAPIC_NMI (acpi_id[0x6a] high edge lint[0x1])
      1 Sep 02 00:25:12 ubuntu kernel: ACPI: LAPIC_NMI (acpi_id[0x6b] high edge lint[0x1])
      1 Sep 02 00:25:12 ubuntu kernel: ACPI: LAPIC_NMI (acpi_id[0x6c] high edge lint[0x1])
      1 Sep 02 00:25:12 ubuntu kernel: ACPI: LAPIC_NMI (acpi_id[0x6d] high edge lint[0x1])
      1 Sep 02 00:25:12 ubuntu kernel: ACPI: LAPIC_NMI (acpi_id[0x6e] high edge lint[0x1])
      1 Sep 02 00:25:12 ubuntu kernel: ACPI: LAPIC_NMI (acpi_id[0x6f] high edge lint[0x1])
      1 Sep 02 00:25:12 ubuntu kernel: ACPI: LAPIC_NMI (acpi_id[0x70] high edge lint[0x1])
      1 Sep 02 00:25:12 ubuntu kernel: ACPI: LAPIC_NMI (acpi_id[0x71] high edge lint[0x1])
      1 Sep 02 00:25:12 ubuntu kernel: ACPI: LAPIC_NMI (acpi_id[0x72] high edge lint[0x1])
      1 Sep 02 00:25:12 ubuntu kernel: ACPI: LAPIC_NMI (acpi_id[0x73] high edge lint[0x1])
      1 Sep 02 00:25:12 ubuntu kernel: ACPI: LAPIC_NMI (acpi_id[0x74] high edge lint[0x1])
      1 Sep 02 00:25:12 ubuntu kernel: ACPI: LAPIC_NMI (acpi_id[0x75] high edge lint[0x1])
      1 Sep 02 00:25:12 ubuntu kernel: ACPI: LAPIC_NMI (acpi_id[0x76] high edge lint[0x1])
      1 Sep 02 00:25:12 ubuntu kernel: ACPI: LAPIC_NMI (acpi_id[0x77] high edge lint[0x1])
      1 Sep 02 00:25:12 ubuntu kernel: ACPI: LAPIC_NMI (acpi_id[0x78] high edge lint[0x1])
      1 Sep 02 00:25:12 ubuntu kernel: ACPI: LAPIC_NMI (acpi_id[0x79] high edge lint[0x1])
      1 Sep 02 00:25:12 ubuntu kernel: ACPI: LAPIC_NMI (acpi_id[0x7a] high edge lint[0x1])
      1 Sep 02 00:25:12 ubuntu kernel: ACPI: LAPIC_NMI (acpi_id[0x7b] high edge lint[0x1])
      1 Sep 02 00:25:12 ubuntu kernel: ACPI: LAPIC_NMI (acpi_id[0x7c] high edge lint[0x1])
      1 Sep 02 00:25:12 ubuntu kernel: ACPI: LAPIC_NMI (acpi_id[0x7d] high edge lint[0x1])
      1 Sep 02 00:25:12 ubuntu kernel: ACPI: LAPIC_NMI (acpi_id[0x7e] high edge lint[0x1])
      1 Sep 02 00:25:12 ubuntu kernel: ACPI: LAPIC_NMI (acpi_id[0x7f] high edge lint[0x1])
      2 Sep 02 00:25:12 ubuntu kernel: ACPI: Local APIC address 0xfee00000
      1 Sep 02 00:25:12 ubuntu kernel: ACPI: MCFG 0x00000000BFEDD242 00003C (v01 PTLTD  $PCITBL$ 06040000  LTP 00000001)
      1 Sep 02 00:25:12 ubuntu kernel: ACPI: PCI Interrupt Link [LNKA] (IRQs 3 4 5 6 7 *9 10 11 14 15)
      1 Sep 02 00:25:12 ubuntu kernel: ACPI: PCI Interrupt Link [LNKB] (IRQs 3 4 5 6 7 9 10 *11 14 15)
      1 Sep 02 00:25:12 ubuntu kernel: ACPI: PCI Interrupt Link [LNKC] (IRQs 3 4 5 6 7 9 *10 11 14 15)
      1 Sep 02 00:25:12 ubuntu kernel: ACPI: PCI Interrupt Link [LNKD] (IRQs 3 4 5 6 *7 9 10 11 14 15)
      1 Sep 02 00:25:12 ubuntu kernel: ACPI: PCI Root Bridge [PCI0] (domain 0000 [bus 00-7f])
      1 Sep 02 00:25:12 ubuntu kernel: acpiphp: ACPI Hot Plug PCI Controller Driver version: 0.5
      1 Sep 02 00:25:12 ubuntu kernel: acpiphp: Slot [32] registered
      1 Sep 02 00:25:12 ubuntu kernel: acpiphp: Slot [33] registered
      1 Sep 02 00:25:12 ubuntu kernel: acpiphp: Slot [34] registered
      1 Sep 02 00:25:12 ubuntu kernel: acpiphp: Slot [35] registered
      1 Sep 02 00:25:12 ubuntu kernel: acpiphp: Slot [36] registered
      1 Sep 02 00:25:12 ubuntu kernel: acpiphp: Slot [37] registered
      1 Sep 02 00:25:12 ubuntu kernel: acpiphp: Slot [38] registered
      1 Sep 02 00:25:12 ubuntu kernel: acpiphp: Slot [39] registered
      1 Sep 02 00:25:12 ubuntu kernel: acpiphp: Slot [40] registered
      1 Sep 02 00:25:12 ubuntu kernel: acpiphp: Slot [41] registered
      1 Sep 02 00:25:12 ubuntu kernel: acpiphp: Slot [42] registered
      1 Sep 02 00:25:12 ubuntu kernel: acpiphp: Slot [43] registered
      1 Sep 02 00:25:12 ubuntu kernel: acpiphp: Slot [44] registered
      1 Sep 02 00:25:12 ubuntu kernel: acpiphp: Slot [45] registered
      1 Sep 02 00:25:12 ubuntu kernel: acpiphp: Slot [46] registered
      1 Sep 02 00:25:12 ubuntu kernel: acpiphp: Slot [47] registered
      1 Sep 02 00:25:12 ubuntu kernel: acpiphp: Slot [48] registered
      1 Sep 02 00:25:12 ubuntu kernel: acpiphp: Slot [49] registered
      1 Sep 02 00:25:12 ubuntu kernel: acpiphp: Slot [50] registered
      1 Sep 02 00:25:12 ubuntu kernel: acpiphp: Slot [51] registered
      1 Sep 02 00:25:12 ubuntu kernel: acpiphp: Slot [52] registered
      1 Sep 02 00:25:12 ubuntu kernel: acpiphp: Slot [53] registered
      1 Sep 02 00:25:12 ubuntu kernel: acpiphp: Slot [54] registered
      1 Sep 02 00:25:12 ubuntu kernel: acpiphp: Slot [55] registered
      1 Sep 02 00:25:12 ubuntu kernel: acpiphp: Slot [56] registered
      1 Sep 02 00:25:12 ubuntu kernel: acpiphp: Slot [57] registered
      1 Sep 02 00:25:12 ubuntu kernel: acpiphp: Slot [58] registered
      1 Sep 02 00:25:12 ubuntu kernel: acpiphp: Slot [59] registered
      1 Sep 02 00:25:12 ubuntu kernel: acpiphp: Slot [60] registered
      1 Sep 02 00:25:12 ubuntu kernel: acpiphp: Slot [61] registered
      1 Sep 02 00:25:12 ubuntu kernel: acpiphp: Slot [62] registered
      1 Sep 02 00:25:12 ubuntu kernel: acpiphp: Slot [63] registered
      1 Sep 02 00:25:12 ubuntu kernel: ACPI: PM-Timer IO Port: 0x1008
      1 Sep 02 00:25:12 ubuntu kernel: acpi PNP0A03:00: _OSC: OS now controls [PCIeHotplug SHPCHotplug PME PCIeCapability]
      1 Sep 02 00:25:12 ubuntu kernel: acpi PNP0A03:00: _OSC: OS supports [ExtendedConfig ASPM ClockPM Segments MSI HPX-Type3]
      1 Sep 02 00:25:12 ubuntu kernel: acpi PNP0A03:00: _OSC: platform does not support [AER LTR]
      1 Sep 02 00:25:12 ubuntu kernel: ACPI: Power Button [PWRF]
      1 Sep 02 00:25:12 ubuntu kernel: ACPI: Reserving APIC table memory at [mem 0xbfedd27e-0xbfedd9bf]
      1 Sep 02 00:25:12 ubuntu kernel: ACPI: Reserving BOOT table memory at [mem 0xbfedd9c0-0xbfedd9e7]
      1 Sep 02 00:25:12 ubuntu kernel: ACPI: Reserving DSDT table memory at [mem 0xbfedd9e8-0xbfefee72]
      1 Sep 02 00:25:12 ubuntu kernel: ACPI: Reserving FACP table memory at [mem 0xbfefee73-0xbfefef66]
      2 Sep 02 00:25:12 ubuntu kernel: ACPI: Reserving FACS table memory at [mem 0xbfefffc0-0xbfefffff]
      1 Sep 02 00:25:12 ubuntu kernel: ACPI: Reserving HPET table memory at [mem 0xbfedc6f7-0xbfedc72e]
      1 Sep 02 00:25:12 ubuntu kernel: ACPI: Reserving MCFG table memory at [mem 0xbfedd242-0xbfedd27d]
      1 Sep 02 00:25:12 ubuntu kernel: ACPI: Reserving SRAT table memory at [mem 0xbfedc72f-0xbfedcffe]
      1 Sep 02 00:25:12 ubuntu kernel: ACPI: Reserving WAET table memory at [mem 0xbfedc6cf-0xbfedc6f6]
      1 Sep 02 00:25:12 ubuntu kernel: ACPI: RSDP 0x00000000000F6A00 000024 (v02 PTLTD )
      1 Sep 02 00:25:12 ubuntu kernel: ACPI: SRAT 0x00000000BFEDC72F 0008D0 (v02 VMWARE MEMPLUG  06040000 VMW  00000001)
      1 Sep 02 00:25:12 ubuntu kernel: ACPI: SRAT: Node 0 PXM 0 [mem 0x00000000-0x0009ffff]
      1 Sep 02 00:25:12 ubuntu kernel: ACPI: SRAT: Node 0 PXM 0 [mem 0x00100000-0xbfffffff]
      1 Sep 02 00:25:12 ubuntu kernel: ACPI: SRAT: Node 0 PXM 0 [mem 0x100000000-0x13fffffff]
      1 Sep 02 00:25:12 ubuntu kernel: ACPI: SRAT: Node 0 PXM 0 [mem 0x140000000-0x103fffffff] hotplug
      1 Sep 02 00:25:12 ubuntu kernel: ACPI: (supports S0 S1 S4 S5)
      1 Sep 02 00:25:12 ubuntu kernel: ACPI: Using IOAPIC for interrupt routing
      1 Sep 02 00:25:12 ubuntu kernel: ACPI: WAET 0x00000000BFEDC6CF 000028 (v01 VMWARE VMW WAET 06040000 VMW  00000001)
      1 Sep 02 00:25:12 ubuntu kernel: ACPI: XSDT 0x00000000BFEDC633 00005C (v01 INTEL  440BX    06040000 VMW  01324272)
      1 Sep 02 00:25:12 ubuntu kernel: Adding 969960k swap on /swapfile.  Priority:-2 extents:4 across:994536k FS
      1 Sep 02 00:25:12 ubuntu kernel: agpgart-intel 0000:00:00.0: AGP aperture is 256M @ 0x0
      1 Sep 02 00:25:12 ubuntu kernel: agpgart-intel 0000:00:00.0: Intel 440BX Chipset
      1 Sep 02 00:25:12 ubuntu kernel: ahci 0000:02:04.0: AHCI 0001.0300 32 slots 30 ports 6 Gbps 0x3fffffff impl SATA mode
      1 Sep 02 00:25:12 ubuntu kernel: ahci 0000:02:04.0: flags: 64bit ncq clo only 
      1 Sep 02 00:25:12 ubuntu kernel: ahci 0000:02:04.0: version 3.0
      1 Sep 02 00:25:12 ubuntu kernel:   AMD AuthenticAMD
      1 Sep 02 00:25:12 ubuntu kernel: APIC: Switch to symmetric I/O mode setup
      1 Sep 02 00:25:12 ubuntu kernel: AppArmor: AppArmor Filesystem Enabled
      1 Sep 02 00:25:12 ubuntu kernel: AppArmor: AppArmor initialized
      1 Sep 02 00:25:12 ubuntu kernel: AppArmor: AppArmor sha1 policy hashing enabled
      1 Sep 02 00:25:12 ubuntu kernel: Asymmetric key parser 'x509' registered
      1 Sep 02 00:25:12 ubuntu kernel: ata10: SATA link down (SStatus 0 SControl 300)
      1 Sep 02 00:25:12 ubuntu kernel: ata10: SATA max UDMA/133 abar m4096@0xfd5ee000 port 0xfd5ee480 irq 56
      1 Sep 02 00:25:12 ubuntu kernel: ata11: SATA link down (SStatus 0 SControl 300)
      1 Sep 02 00:25:12 ubuntu kernel: ata11: SATA max UDMA/133 abar m4096@0xfd5ee000 port 0xfd5ee500 irq 56
      1 Sep 02 00:25:12 ubuntu kernel: ata12: SATA link down (SStatus 0 SControl 300)
      1 Sep 02 00:25:12 ubuntu kernel: ata12: SATA max UDMA/133 abar m4096@0xfd5ee000 port 0xfd5ee580 irq 56
      1 Sep 02 00:25:12 ubuntu kernel: ata13: SATA link down (SStatus 0 SControl 300)
      1 Sep 02 00:25:12 ubuntu kernel: ata13: SATA max UDMA/133 abar m4096@0xfd5ee000 port 0xfd5ee600 irq 56
      1 Sep 02 00:25:12 ubuntu kernel: ata14: SATA link down (SStatus 0 SControl 300)
      1 Sep 02 00:25:12 ubuntu kernel: ata14: SATA max UDMA/133 abar m4096@0xfd5ee000 port 0xfd5ee680 irq 56
      1 Sep 02 00:25:12 ubuntu kernel: ata15: SATA link down (SStatus 0 SControl 300)
      1 Sep 02 00:25:12 ubuntu kernel: ata15: SATA max UDMA/133 abar m4096@0xfd5ee000 port 0xfd5ee700 irq 56
      1 Sep 02 00:25:12 ubuntu kernel: ata16: SATA link down (SStatus 0 SControl 300)
      1 Sep 02 00:25:12 ubuntu kernel: ata16: SATA max UDMA/133 abar m4096@0xfd5ee000 port 0xfd5ee780 irq 56
      1 Sep 02 00:25:12 ubuntu kernel: ata17: SATA link down (SStatus 0 SControl 300)
      1 Sep 02 00:25:12 ubuntu kernel: ata17: SATA max UDMA/133 abar m4096@0xfd5ee000 port 0xfd5ee800 irq 56
      1 Sep 02 00:25:12 ubuntu kernel: ata18: SATA link down (SStatus 0 SControl 300)
      1 Sep 02 00:25:12 ubuntu kernel: ata18: SATA max UDMA/133 abar m4096@0xfd5ee000 port 0xfd5ee880 irq 56
      1 Sep 02 00:25:12 ubuntu kernel: ata19: SATA link down (SStatus 0 SControl 300)
      1 Sep 02 00:25:12 ubuntu kernel: ata19: SATA max UDMA/133 abar m4096@0xfd5ee000 port 0xfd5ee900 irq 56
      1 Sep 02 00:25:12 ubuntu kernel: ata1: PATA max UDMA/33 cmd 0x1f0 ctl 0x3f6 bmdma 0x1060 irq 14
      1 Sep 02 00:25:12 ubuntu kernel: ata20: SATA link down (SStatus 0 SControl 300)
      1 Sep 02 00:25:12 ubuntu kernel: ata20: SATA max UDMA/133 abar m4096@0xfd5ee000 port 0xfd5ee980 irq 56
      1 Sep 02 00:25:12 ubuntu kernel: ata21: SATA link down (SStatus 0 SControl 300)
      1 Sep 02 00:25:12 ubuntu kernel: ata21: SATA max UDMA/133 abar m4096@0xfd5ee000 port 0xfd5eea00 irq 56
      1 Sep 02 00:25:12 ubuntu kernel: ata22: SATA link down (SStatus 0 SControl 300)
      1 Sep 02 00:25:12 ubuntu kernel: ata22: SATA max UDMA/133 abar m4096@0xfd5ee000 port 0xfd5eea80 irq 56
      1 Sep 02 00:25:12 ubuntu kernel: ata23: SATA link down (SStatus 0 SControl 300)
      1 Sep 02 00:25:12 ubuntu kernel: ata23: SATA max UDMA/133 abar m4096@0xfd5ee000 port 0xfd5eeb00 irq 56
      1 Sep 02 00:25:12 ubuntu kernel: ata24: SATA link down (SStatus 0 SControl 300)
      1 Sep 02 00:25:12 ubuntu kernel: ata24: SATA max UDMA/133 abar m4096@0xfd5ee000 port 0xfd5eeb80 irq 56
      1 Sep 02 00:25:12 ubuntu kernel: ata25: SATA link down (SStatus 0 SControl 300)
      1 Sep 02 00:25:12 ubuntu kernel: ata25: SATA max UDMA/133 abar m4096@0xfd5ee000 port 0xfd5eec00 irq 56
      1 Sep 02 00:25:12 ubuntu kernel: ata26: SATA link down (SStatus 0 SControl 300)
      1 Sep 02 00:25:12 ubuntu kernel: ata26: SATA max UDMA/133 abar m4096@0xfd5ee000 port 0xfd5eec80 irq 56
      1 Sep 02 00:25:12 ubuntu kernel: ata27: SATA link down (SStatus 0 SControl 300)
      1 Sep 02 00:25:12 ubuntu kernel: ata27: SATA max UDMA/133 abar m4096@0xfd5ee000 port 0xfd5eed00 irq 56
      1 Sep 02 00:25:12 ubuntu kernel: ata28: SATA link down (SStatus 0 SControl 300)
      1 Sep 02 00:25:12 ubuntu kernel: ata28: SATA max UDMA/133 abar m4096@0xfd5ee000 port 0xfd5eed80 irq 56
      1 Sep 02 00:25:12 ubuntu kernel: ata29: SATA link down (SStatus 0 SControl 300)
      1 Sep 02 00:25:12 ubuntu kernel: ata29: SATA max UDMA/133 abar m4096@0xfd5ee000 port 0xfd5eee00 irq 56
      1 Sep 02 00:25:12 ubuntu kernel: ata2: PATA max UDMA/33 cmd 0x170 ctl 0x376 bmdma 0x1068 irq 15
      1 Sep 02 00:25:12 ubuntu kernel: ata30: SATA link down (SStatus 0 SControl 300)
      1 Sep 02 00:25:12 ubuntu kernel: ata30: SATA max UDMA/133 abar m4096@0xfd5ee000 port 0xfd5eee80 irq 56
      1 Sep 02 00:25:12 ubuntu kernel: ata31: SATA link down (SStatus 0 SControl 300)
      1 Sep 02 00:25:12 ubuntu kernel: ata31: SATA max UDMA/133 abar m4096@0xfd5ee000 port 0xfd5eef00 irq 56
      1 Sep 02 00:25:12 ubuntu kernel: ata32: SATA link down (SStatus 0 SControl 300)
      1 Sep 02 00:25:12 ubuntu kernel: ata32: SATA max UDMA/133 abar m4096@0xfd5ee000 port 0xfd5eef80 irq 56
      1 Sep 02 00:25:12 ubuntu kernel: ata3: SATA link down (SStatus 0 SControl 300)
      1 Sep 02 00:25:12 ubuntu kernel: ata3: SATA max UDMA/133 abar m4096@0xfd5ee000 port 0xfd5ee100 irq 56
      1 Sep 02 00:25:12 ubuntu kernel: ata4.00: ATAPI: VMware Virtual SATA CDRW Drive, 00000001, max UDMA/33
      1 Sep 02 00:25:12 ubuntu kernel: ata4.00: configured for UDMA/33
      1 Sep 02 00:25:12 ubuntu kernel: ata4: SATA link up 6.0 Gbps (SStatus 133 SControl 300)
      1 Sep 02 00:25:12 ubuntu kernel: ata4: SATA max UDMA/133 abar m4096@0xfd5ee000 port 0xfd5ee180 irq 56
      1 Sep 02 00:25:12 ubuntu kernel: ata5: SATA link down (SStatus 0 SControl 300)
      1 Sep 02 00:25:12 ubuntu kernel: ata5: SATA max UDMA/133 abar m4096@0xfd5ee000 port 0xfd5ee200 irq 56
      1 Sep 02 00:25:12 ubuntu kernel: ata6: SATA link down (SStatus 0 SControl 300)
      1 Sep 02 00:25:12 ubuntu kernel: ata6: SATA max UDMA/133 abar m4096@0xfd5ee000 port 0xfd5ee280 irq 56
      1 Sep 02 00:25:12 ubuntu kernel: ata7: SATA link down (SStatus 0 SControl 300)
      1 Sep 02 00:25:12 ubuntu kernel: ata7: SATA max UDMA/133 abar m4096@0xfd5ee000 port 0xfd5ee300 irq 56
      1 Sep 02 00:25:12 ubuntu kernel: ata8: SATA link down (SStatus 0 SControl 300)
      1 Sep 02 00:25:12 ubuntu kernel: ata8: SATA max UDMA/133 abar m4096@0xfd5ee000 port 0xfd5ee380 irq 56
      1 Sep 02 00:25:12 ubuntu kernel: ata9: SATA link down (SStatus 0 SControl 300)
      1 Sep 02 00:25:12 ubuntu kernel: ata9: SATA max UDMA/133 abar m4096@0xfd5ee000 port 0xfd5ee400 irq 56
      1 Sep 02 00:25:12 ubuntu kernel: ata_piix 0000:00:07.1: version 2.13
      1 Sep 02 00:25:12 ubuntu kernel: audit: initializing netlink subsys (disabled)
      1 Sep 02 00:25:12 ubuntu kernel: audit: type=2000 audit(1693639503.044:1): state=initialized audit_enabled=0 res=1
      1 Sep 02 00:25:12 ubuntu kernel: BIOS-e820: [mem 0x0000000000000000-0x000000000009e7ff] usable
      1 Sep 02 00:25:12 ubuntu kernel: BIOS-e820: [mem 0x000000000009e800-0x000000000009ffff] reserved
      1 Sep 02 00:25:12 ubuntu kernel: BIOS-e820: [mem 0x00000000000dc000-0x00000000000fffff] reserved
      1 Sep 02 00:25:12 ubuntu kernel: BIOS-e820: [mem 0x0000000000100000-0x00000000bfecffff] usable
      1 Sep 02 00:25:12 ubuntu kernel: BIOS-e820: [mem 0x00000000bfed0000-0x00000000bfefefff] ACPI data
      1 Sep 02 00:25:12 ubuntu kernel: BIOS-e820: [mem 0x00000000bfeff000-0x00000000bfefffff] ACPI NVS
      1 Sep 02 00:25:12 ubuntu kernel: BIOS-e820: [mem 0x00000000bff00000-0x00000000bfffffff] usable
      1 Sep 02 00:25:12 ubuntu kernel: BIOS-e820: [mem 0x00000000f0000000-0x00000000f7ffffff] reserved
      1 Sep 02 00:25:12 ubuntu kernel: BIOS-e820: [mem 0x00000000fec00000-0x00000000fec0ffff] reserved
      1 Sep 02 00:25:12 ubuntu kernel: BIOS-e820: [mem 0x00000000fee00000-0x00000000fee00fff] reserved
      1 Sep 02 00:25:12 ubuntu kernel: BIOS-e820: [mem 0x00000000fffe0000-0x00000000ffffffff] reserved
      1 Sep 02 00:25:12 ubuntu kernel: BIOS-e820: [mem 0x0000000100000000-0x000000013fffffff] usable
      1 Sep 02 00:25:12 ubuntu kernel: BIOS-provided physical RAM map:
      1 Sep 02 00:25:12 ubuntu kernel: ... bit width:              48
      1 Sep 02 00:25:12 ubuntu kernel: blacklist: Loading compiled-in revocation X.509 certificates
      1 Sep 02 00:25:12 ubuntu kernel: Block layer SCSI generic (bsg) driver version 0.4 loaded (major 244)
      1 Sep 02 00:25:12 ubuntu kernel: Booting paravirtualized kernel on VMware hypervisor
      1 Sep 02 00:25:12 ubuntu kernel: Built 1 zonelists, mobility grouping on.  Total pages: 1032024
      1 Sep 02 00:25:12 ubuntu kernel:   C0000-CFFFF write-protect
      1 Sep 02 00:25:12 ubuntu kernel: Calgary: detecting Calgary via BIOS EBDA area
      1 Sep 02 00:25:12 ubuntu kernel: Calgary: Unable to locate Rio Grande table in EBDA - bailing!
      1 Sep 02 00:25:12 ubuntu kernel: Calibrating delay loop (skipped) preset value.. 5376.00 BogoMIPS (lpj=10752002)
      1 Sep 02 00:25:12 ubuntu kernel: cdrom: Uniform CD-ROM driver Revision: 3.20
      1 Sep 02 00:25:12 ubuntu kernel:   Centaur CentaurHauls
      1 Sep 02 00:25:12 ubuntu kernel: check: Scanning 1 areas for low memory corruption
      1 Sep 02 00:25:12 ubuntu kernel: check: Scanning for low memory corruption every 60 seconds
      1 Sep 02 00:25:12 ubuntu kernel: clocksource: acpi_pm: mask: 0xffffff max_cycles: 0xffffff, max_idle_ns: 2085701024 ns
      1 Sep 02 00:25:12 ubuntu kernel: clocksource: hpet: mask: 0xffffffff max_cycles: 0xffffffff, max_idle_ns: 133484882848 ns
      1 Sep 02 00:25:12 ubuntu kernel: clocksource: jiffies: mask: 0xffffffff max_cycles: 0xffffffff, max_idle_ns: 7645041785100000 ns
      1 Sep 02 00:25:12 ubuntu kernel: clocksource: refined-jiffies: mask: 0xffffffff max_cycles: 0xffffffff, max_idle_ns: 7645519600211568 ns
      1 Sep 02 00:25:12 ubuntu kernel: clocksource: Switched to clocksource tsc
      1 Sep 02 00:25:12 ubuntu kernel: clocksource: Switched to clocksource tsc-early
      1 Sep 02 00:25:12 ubuntu kernel: clocksource: tsc-early: mask: 0xffffffffffffffff max_cycles: 0x26bef67878b, max_idle_ns: 440795293631 ns
      1 Sep 02 00:25:12 ubuntu kernel: clocksource: tsc: mask: 0xffffffffffffffff max_cycles: 0x26bef389d91, max_idle_ns: 440795260746 ns
      1 Sep 02 00:25:12 ubuntu kernel: Command line: BOOT_IMAGE=/boot/vmlinuz-5.4.0-150-generic root=UUID=97308993-1620-4ad7-a29b-3f8e5cc1073a ro find_preseed=/preseed.cfg auto noprompt priority=critical locale=en_US quiet
      1 Sep 02 00:25:12 ubuntu kernel: Console: colour VGA+ 80x25
      1 Sep 02 00:25:12 ubuntu kernel: Console: switching to colour frame buffer device 100x37
      1 Sep 02 00:25:12 ubuntu kernel: Copyright (c) 1999-2008 LSI Corporation
      1 Sep 02 00:25:12 ubuntu kernel: core: CPUID marked event: 'branch instructions' unavailable
      1 Sep 02 00:25:12 ubuntu kernel: core: CPUID marked event: 'branch misses' unavailable
      1 Sep 02 00:25:12 ubuntu kernel: core: CPUID marked event: 'bus cycles' unavailable
      1 Sep 02 00:25:12 ubuntu kernel: core: CPUID marked event: 'cache misses' unavailable
      1 Sep 02 00:25:12 ubuntu kernel: core: CPUID marked event: 'cache references' unavailable
      1 Sep 02 00:25:12 ubuntu kernel: core: CPUID marked event: 'cpu cycles' unavailable
      1 Sep 02 00:25:12 ubuntu kernel: core: CPUID marked event: 'instructions' unavailable
      1 Sep 02 00:25:12 ubuntu kernel: cpuidle: using governor ladder
      1 Sep 02 00:25:12 ubuntu kernel: cpuidle: using governor menu
      1 Sep 02 00:25:12 ubuntu kernel:   D0000-EFFFF uncachable
      1 Sep 02 00:25:12 ubuntu kernel: Dentry cache hash table entries: 524288 (order: 10, 4194304 bytes, linear)
      1 Sep 02 00:25:12 ubuntu kernel:   Device   empty
      1 Sep 02 00:25:12 ubuntu kernel: device-mapper: ioctl: 4.41.0-ioctl (2019-09-16) initialised: dm-devel@redhat.com
      1 Sep 02 00:25:12 ubuntu kernel: device-mapper: uevent: version 1.0.3
      1 Sep 02 00:25:12 ubuntu kernel: devtmpfs: initialized
      1 Sep 02 00:25:12 ubuntu kernel:   DMA32    [mem 0x0000000001000000-0x00000000ffffffff]
      1 Sep 02 00:25:12 ubuntu kernel:   DMA32 zone: 12224 pages used for memmap
      1 Sep 02 00:25:12 ubuntu kernel:   DMA32 zone: 782288 pages, LIFO batch:63
      1 Sep 02 00:25:12 ubuntu kernel:   DMA      [mem 0x0000000000001000-0x0000000000ffffff]
      1 Sep 02 00:25:12 ubuntu kernel:   DMA zone: 21 pages reserved
      1 Sep 02 00:25:12 ubuntu kernel:   DMA zone: 3997 pages, LIFO batch:0
      1 Sep 02 00:25:12 ubuntu kernel:   DMA zone: 64 pages used for memmap
      1 Sep 02 00:25:12 ubuntu kernel: DMI: VMware, Inc. VMware Virtual Platform/440BX Desktop Reference Platform, BIOS 6.00 11/12/2020
      1 Sep 02 00:25:12 ubuntu kernel: [drm]   3D.
      1 Sep 02 00:25:12 ubuntu kernel: [drm]   8bit emulation.
      1 Sep 02 00:25:12 ubuntu kernel: [drm]   Alpha cursor.
      1 Sep 02 00:25:12 ubuntu kernel: [drm] Atomic: yes.
      1 Sep 02 00:25:12 ubuntu kernel: [drm] bpp 32
      1 Sep 02 00:25:12 ubuntu kernel: [drm] Capabilities:
      1 Sep 02 00:25:12 ubuntu kernel: [drm] Capabilities2:
      1 Sep 02 00:25:12 ubuntu kernel: [drm]   Command Buffers.
      1 Sep 02 00:25:12 ubuntu kernel: [drm]   Command Buffers 2.
      1 Sep 02 00:25:12 ubuntu kernel: [drm]   Cursor.
      1 Sep 02 00:25:12 ubuntu kernel: [drm]   Cursor bypass.
      1 Sep 02 00:25:12 ubuntu kernel: [drm]   Cursor bypass 2.
      1 Sep 02 00:25:12 ubuntu kernel: [drm]   Display Topology.
      1 Sep 02 00:25:12 ubuntu kernel: [drm] DMA map mode: Caching DMA mappings.
      1 Sep 02 00:25:12 ubuntu kernel: [drm]   DX Features.
      1 Sep 02 00:25:12 ubuntu kernel: [drm] DX: yes.
      1 Sep 02 00:25:12 ubuntu kernel: [drm]   Extended Fifo.
      1 Sep 02 00:25:12 ubuntu kernel: [drm] Fifo max 0x00040000 min 0x00001000 cap 0x0000077f
      1 Sep 02 00:25:12 ubuntu kernel: [drm]   GMR.
      1 Sep 02 00:25:12 ubuntu kernel: [drm]   GMR2.
      1 Sep 02 00:25:12 ubuntu kernel: [drm]   Grow oTable.
      1 Sep 02 00:25:12 ubuntu kernel: [drm]   Guest Backed Resources.
      1 Sep 02 00:25:12 ubuntu kernel: [drm] height 480
      1 Sep 02 00:25:12 ubuntu kernel: [drm]   HP Command Queue.
      1 Sep 02 00:25:12 ubuntu kernel: [drm] Initialized vmwgfx 2.15.0 20180704 for 0000:00:0f.0 on minor 0
      1 Sep 02 00:25:12 ubuntu kernel: [drm]   IntraSurface copy.
      1 Sep 02 00:25:12 ubuntu kernel: [drm]   Irq mask.
      1 Sep 02 00:25:12 ubuntu kernel: [drm] Max dedicated hypervisor surface memory is 0 kiB
      1 Sep 02 00:25:12 ubuntu kernel: [drm] Max GMR ids is 64
      1 Sep 02 00:25:12 ubuntu kernel: [drm] Maximum display memory size is 262144 kiB
      1 Sep 02 00:25:12 ubuntu kernel: [drm] Max number of GMR pages is 65536
      1 Sep 02 00:25:12 ubuntu kernel: [drm] MMIO at 0xfe000000 size is 256 kiB
      1 Sep 02 00:25:12 ubuntu kernel: [drm]   Multimon.
      1 Sep 02 00:25:12 ubuntu kernel: [drm] No driver support for vblank timestamp query.
      1 Sep 02 00:25:12 ubuntu kernel: [drm]   Pitchlock.
      1 Sep 02 00:25:12 ubuntu kernel: [drm]   Rect copy.
      1 Sep 02 00:25:12 ubuntu kernel: [drm]   Screen Object 2.
      1 Sep 02 00:25:12 ubuntu kernel: [drm] Screen Target Display device initialized
      1 Sep 02 00:25:12 ubuntu kernel: [drm] SM4_1: yes.
      1 Sep 02 00:25:12 ubuntu kernel: [drm] Supports vblank timestamp caching Rev 2 (21.10.2013).
      1 Sep 02 00:25:12 ubuntu kernel: [drm]   Traces.
      1 Sep 02 00:25:12 ubuntu kernel: [drm] Using command buffers with DMA pool.
      1 Sep 02 00:25:12 ubuntu kernel: [drm] VRAM at 0xe8000000 size is 4096 kiB
      1 Sep 02 00:25:12 ubuntu kernel: [drm] width 640
      1 Sep 02 00:25:12 ubuntu kernel: drop_monitor: Initializing network drop monitor service
      1 Sep 02 00:25:12 ubuntu kernel: e1000 0000:02:01.0 ens33: renamed from eth0
      1 Sep 02 00:25:12 ubuntu kernel: e1000 0000:02:01.0 eth0: Intel(R) PRO/1000 Network Connection
      1 Sep 02 00:25:12 ubuntu kernel: e1000 0000:02:01.0 eth0: (PCI:66MHz:32-bit) 00:0c:29:61:55:c9
      1 Sep 02 00:25:12 ubuntu kernel: e1000: Copyright (c) 1999-2006 Intel Corporation.
      1 Sep 02 00:25:12 ubuntu kernel: e1000: Intel(R) PRO/1000 Network Driver - version 7.3.21-k8-NAPI
      1 Sep 02 00:25:12 ubuntu kernel: e820: remove [mem 0x000a0000-0x000fffff] usable
      1 Sep 02 00:25:12 ubuntu kernel: e820: reserve RAM buffer [mem 0x0009e800-0x0009ffff]
      1 Sep 02 00:25:12 ubuntu kernel: e820: reserve RAM buffer [mem 0xbfed0000-0xbfffffff]
      1 Sep 02 00:25:12 ubuntu kernel: e820: update [mem 0x00000000-0x00000fff] usable ==> reserved
      1 Sep 02 00:25:12 ubuntu kernel: e820: update [mem 0xc0000000-0xffffffff] usable ==> reserved
      1 Sep 02 00:25:12 ubuntu kernel: Early memory node ranges
      1 Sep 02 00:25:12 ubuntu kernel: EDAC MC: Ver: 3.0.0
      1 Sep 02 00:25:12 ubuntu kernel: ehci_hcd: USB 2.0 'Enhanced' Host Controller (EHCI) Driver
      1 Sep 02 00:25:12 ubuntu kernel: ehci-pci 0000:02:03.0: cache line size of 64 is not supported
      1 Sep 02 00:25:12 ubuntu kernel: ehci-pci 0000:02:03.0: EHCI Host Controller
      1 Sep 02 00:25:12 ubuntu kernel: ehci-pci 0000:02:03.0: irq 17, io mem 0xfd5ef000
      1 Sep 02 00:25:12 ubuntu kernel: ehci-pci 0000:02:03.0: new USB bus registered, assigned bus number 1
      1 Sep 02 00:25:12 ubuntu kernel: ehci-pci 0000:02:03.0: USB 2.0 started, EHCI 1.00
      1 Sep 02 00:25:12 ubuntu kernel: ehci-pci: EHCI PCI platform driver
      1 Sep 02 00:25:12 ubuntu kernel: ehci-platform: EHCI generic platform driver
      1 Sep 02 00:25:12 ubuntu kernel: EISA bus registered
      1 Sep 02 00:25:12 ubuntu kernel: ... event mask:             000000000000003f
      1 Sep 02 00:25:12 ubuntu kernel: evm: HMAC attrs: 0x1
      1 Sep 02 00:25:12 ubuntu kernel: evm: Initialising EVM extended attributes:
      1 Sep 02 00:25:12 ubuntu kernel: evm: security.apparmor
      1 Sep 02 00:25:12 ubuntu kernel: evm: security.capability
      1 Sep 02 00:25:12 ubuntu kernel: evm: security.ima
      1 Sep 02 00:25:12 ubuntu kernel: evm: security.selinux
      1 Sep 02 00:25:12 ubuntu kernel: evm: security.SMACK64
      1 Sep 02 00:25:12 ubuntu kernel: evm: security.SMACK64EXEC
      1 Sep 02 00:25:12 ubuntu kernel: evm: security.SMACK64MMAP
      1 Sep 02 00:25:12 ubuntu kernel: evm: security.SMACK64TRANSMUTE
      1 Sep 02 00:25:12 ubuntu kernel: EXT4-fs (sda1): mounted filesystem with ordered data mode. Opts: (null)
      1 Sep 02 00:25:12 ubuntu kernel: EXT4-fs (sda1): re-mounted. Opts: errors=remount-ro
      1 Sep 02 00:25:12 ubuntu kernel:   F0000-FFFFF write-protect
      1 Sep 02 00:25:12 ubuntu kernel: fbcon: svgadrmfb (fb0) is primary device
      1 Sep 02 00:25:12 ubuntu kernel: ... fixed-purpose events:   0
      1 Sep 02 00:25:12 ubuntu kernel: Found optimal setting for mtrr clean up
      1 Sep 02 00:25:12 ubuntu kernel: found SMP MP-table at [mem 0x000f6a70-0x000f6a7f]
      1 Sep 02 00:25:12 ubuntu kernel: Freeing initrd memory: 44536K
      1 Sep 02 00:25:12 ubuntu kernel: Freeing SMP alternatives memory: 40K
      1 Sep 02 00:25:12 ubuntu kernel: Freeing unused decrypted memory: 2040K
      1 Sep 02 00:25:12 ubuntu kernel: Freeing unused kernel image memory: 2036K
      1 Sep 02 00:25:12 ubuntu kernel: Freeing unused kernel image memory: 2748K
      1 Sep 02 00:25:12 ubuntu kernel: Freeing unused kernel image memory: 768K
      1 Sep 02 00:25:12 ubuntu kernel: ftrace: allocating 44386 entries in 174 pages
      1 Sep 02 00:25:12 ubuntu kernel: fuse: init (API version 7.31)
      1 Sep 02 00:25:12 ubuntu kernel: Fusion MPT base driver 3.04.20
      1 Sep 02 00:25:12 ubuntu kernel: Fusion MPT SPI Host driver 3.04.20
      1 Sep 02 00:25:12 ubuntu kernel: futex hash table entries: 32768 (order: 9, 2097152 bytes, linear)
      1 Sep 02 00:25:12 ubuntu kernel: ... generic registers:      6
      1 Sep 02 00:25:12 ubuntu kernel:  gran_size: 64K         chunk_size: 64K         num_reg: 7          lose cover RAM: 0G
      1 Sep 02 00:25:12 ubuntu kernel: hid-generic 0003:0E0F:0003.0001: input,hidraw0: USB HID v1.10 Mouse [VMware VMware Virtual USB Mouse] on usb-0000:02:00.0-1/input0
      1 Sep 02 00:25:12 ubuntu kernel: hidraw: raw HID events driver (C) Jiri Kosina
      1 Sep 02 00:25:12 ubuntu kernel: hpet0: 16 comparators, 64-bit 14.318180 MHz counter
      1 Sep 02 00:25:12 ubuntu kernel: hpet0: at MMIO 0xfed00000, IRQs 2, 8, 0, 0, 0, 0, 0, 0, 0, 0, 0, 0, 0, 0, 0, 0
      1 Sep 02 00:25:12 ubuntu kernel: hub 1-0:1.0: 6 ports detected
      1 Sep 02 00:25:12 ubuntu kernel: hub 1-0:1.0: USB hub found
      1 Sep 02 00:25:12 ubuntu kernel: hub 2-0:1.0: 2 ports detected
      1 Sep 02 00:25:12 ubuntu kernel: hub 2-0:1.0: USB hub found
      1 Sep 02 00:25:12 ubuntu kernel: hub 2-2:1.0: 7 ports detected
      1 Sep 02 00:25:12 ubuntu kernel: hub 2-2:1.0: USB hub found
      1 Sep 02 00:25:12 ubuntu kernel: HugeTLB registered 1.00 GiB page size, pre-allocated 0 pages
      1 Sep 02 00:25:12 ubuntu kernel: HugeTLB registered 2.00 MiB page size, pre-allocated 0 pages
      1 Sep 02 00:25:12 ubuntu kernel:   Hygon HygonGenuine
      1 Sep 02 00:25:12 ubuntu kernel: Hypervisor detected: VMware
      1 Sep 02 00:25:12 ubuntu kernel: i2c /dev entries driver
      1 Sep 02 00:25:12 ubuntu kernel: i8042: PNP: PS/2 Controller [PNP0303:KBC,PNP0f13:MOUS] at 0x60,0x64 irq 1,12
      1 Sep 02 00:25:12 ubuntu kernel: ima: Allocated hash algorithm: sha1
      1 Sep 02 00:25:12 ubuntu kernel: ima: No architecture policies found
      1 Sep 02 00:25:12 ubuntu kernel: ima: No TPM chip found, activating TPM-bypass!
      1 Sep 02 00:25:12 ubuntu kernel: Initialise system trusted keyrings
      1 Sep 02 00:25:12 ubuntu kernel: Initmem setup node 0 [mem 0x0000000000001000-0x000000013fffffff]
      1 Sep 02 00:25:12 ubuntu kernel: Inode-cache hash table entries: 262144 (order: 9, 2097152 bytes, linear)
      1 Sep 02 00:25:12 ubuntu kernel: input: AT Translated Set 2 keyboard as /devices/platform/i8042/serio0/input/input1
      1 Sep 02 00:25:12 ubuntu kernel: input: Power Button as /devices/LNXSYSTM:00/LNXPWRBN:00/input/input0
      1 Sep 02 00:25:12 ubuntu kernel: input: VirtualPS/2 VMware VMMouse as /devices/platform/i8042/serio1/input/input3
      1 Sep 02 00:25:12 ubuntu kernel: input: VirtualPS/2 VMware VMMouse as /devices/platform/i8042/serio1/input/input4
      1 Sep 02 00:25:12 ubuntu kernel: input: VMware VMware Virtual USB Mouse as /devices/pci0000:00/0000:00:11.0/0000:02:00.0/usb2/2-1/2-1:1.0/0003:0E0F:0003.0001/input/input5
      1 Sep 02 00:25:12 ubuntu kernel:   Intel GenuineIntel
      1 Sep 02 00:25:12 ubuntu kernel: intel_idle: does not run on family 6 model 154
      1 Sep 02 00:25:12 ubuntu kernel: intel_pstate: CPU model not supported
      1 Sep 02 00:25:12 ubuntu kernel: IOAPIC[0]: apic_id 1, version 32, address 0xfec00000, GSI 0-23
      1 Sep 02 00:25:12 ubuntu kernel: ioc0: LSI53C1030 B0: Capabilities={Initiator}
      1 Sep 02 00:25:12 ubuntu kernel: iommu: Default domain type: Translated 
      1 Sep 02 00:25:12 ubuntu kernel: io scheduler mq-deadline registered
      1 Sep 02 00:25:12 ubuntu kernel: IP idents hash table entries: 65536 (order: 7, 524288 bytes, linear)
      1 Sep 02 00:25:12 ubuntu kernel: IPI shorthand broadcast: enabled
      1 Sep 02 00:25:12 ubuntu kernel: Kernel command line: BOOT_IMAGE=/boot/vmlinuz-5.4.0-150-generic root=UUID=97308993-1620-4ad7-a29b-3f8e5cc1073a ro find_preseed=/preseed.cfg auto noprompt priority=critical locale=en_US quiet
      1 Sep 02 00:25:12 ubuntu kernel: KERNEL supported cpus:
      1 Sep 02 00:25:12 ubuntu kernel: Kernel/User page tables isolation: enabled
      1 Sep 02 00:25:12 ubuntu kernel: Key type asymmetric registered
      1 Sep 02 00:25:12 ubuntu kernel: Key type big_key registered
      1 Sep 02 00:25:12 ubuntu kernel: Key type blacklist registered
      1 Sep 02 00:25:12 ubuntu kernel: Key type dns_resolver registered
      1 Sep 02 00:25:12 ubuntu kernel: Key type encrypted registered
      1 Sep 02 00:25:12 ubuntu kernel: Key type ._fscrypt registered
      1 Sep 02 00:25:12 ubuntu kernel: Key type .fscrypt registered
      1 Sep 02 00:25:12 ubuntu kernel: Last level dTLB entries: 4KB 0, 2MB 0, 4MB 0, 1GB 0
      1 Sep 02 00:25:12 ubuntu kernel: Last level iTLB entries: 4KB 0, 2MB 0, 4MB 0
      1 Sep 02 00:25:12 ubuntu kernel: last_pfn = 0x140000 max_arch_pfn = 0x400000000
      1 Sep 02 00:25:12 ubuntu kernel: last_pfn = 0xc0000 max_arch_pfn = 0x400000000
      1 Sep 02 00:25:12 ubuntu kernel: ledtrig-cpu: registered to indicate activity on CPUs
      1 Sep 02 00:25:12 ubuntu kernel: libata version 3.00 loaded.
      1 Sep 02 00:25:12 ubuntu kernel: Linux agpgart interface v0.103
      1 Sep 02 00:25:12 ubuntu kernel: Linux version 5.4.0-150-generic (buildd@bos03-amd64-012) (gcc version 7.5.0 (Ubuntu 7.5.0-3ubuntu1~18.04)) #167~18.04.1-Ubuntu SMP Wed May 24 00:51:42 UTC 2023 (Ubuntu 5.4.0-150.167~18.04.1-generic 5.4.233)
      1 Sep 02 00:25:12 ubuntu kernel: Loaded X.509 cert 'Build time autogenerated kernel key: 1b6f3dadb8f129606217e3a0685f6c1e8ea0c66e'
      1 Sep 02 00:25:12 ubuntu kernel: Loaded X.509 cert 'Canonical Ltd. Kernel Module Signing: 88f752e560a1e0737e31163a466ad7b70a850c19'
      1 Sep 02 00:25:12 ubuntu kernel: Loaded X.509 cert 'Canonical Ltd. Live Patch Signing: 14df34d1a87cf37625abec039ef2bf521249b969'
      1 Sep 02 00:25:12 ubuntu kernel: Loaded X.509 cert 'Canonical Ltd. Secure Boot Signing (2017): 242ade75ac4a15e50d50c84b0d45ff3eae707a03'
      1 Sep 02 00:25:12 ubuntu kernel: Loaded X.509 cert 'Canonical Ltd. Secure Boot Signing (2019): c0746fd6c5da3ae827864651ad66ae47fe24b3e8'
      1 Sep 02 00:25:12 ubuntu kernel: Loaded X.509 cert 'Canonical Ltd. Secure Boot Signing (2021 v1): a8d54bbb3825cfb94fa13c9f8a594a195c107b8d'
      1 Sep 02 00:25:12 ubuntu kernel: Loaded X.509 cert 'Canonical Ltd. Secure Boot Signing (2021 v2): 4cf046892d6fd3c9a5b03f98d845f90851dc6a8c'
      1 Sep 02 00:25:12 ubuntu kernel: Loaded X.509 cert 'Canonical Ltd. Secure Boot Signing (2021 v3): 100437bb6de6e469b581e61cd66bce3ef4ed53af'
      1 Sep 02 00:25:12 ubuntu kernel: Loaded X.509 cert 'Canonical Ltd. Secure Boot Signing: 61482aa2830d0ab2ad5af10b7250da9033ddcef0'
      1 Sep 02 00:25:12 ubuntu kernel: Loaded X.509 cert 'Canonical Ltd. Secure Boot Signing (ESM 2018): 365188c1d374d6b07c3c8f240f8ef722433d6a8b'
      1 Sep 02 00:25:12 ubuntu kernel: Loaded X.509 cert 'Canonical Ltd. Secure Boot Signing (Ubuntu Core 2019): c1d57b8f6b743f23ee41f4f7ee292f06eecadfb9'
      1 Sep 02 00:25:12 ubuntu kernel: Loading compiled-in X.509 certificates
      1 Sep 02 00:25:12 ubuntu kernel: loop: module loaded
      1 Sep 02 00:25:12 ubuntu kernel: lp: driver loaded but no devices found
      1 Sep 02 00:25:12 ubuntu kernel: LSM: Security Framework initializing
      1 Sep 02 00:25:12 ubuntu kernel: ... max period:             000000007fffffff
      1 Sep 02 00:25:12 ubuntu kernel: MDS: Vulnerable: Clear CPU buffers attempted, no microcode
      1 Sep 02 00:25:12 ubuntu kernel: [mem 0xc0000000-0xefffffff] available for PCI devices
      1 Sep 02 00:25:12 ubuntu kernel: mem auto-init: stack:off, heap alloc:on, heap free:off
      1 Sep 02 00:25:12 ubuntu kernel: Memory: 3942544K/4193716K available (14339K kernel code, 2375K rwdata, 9472K rodata, 2748K init, 4980K bss, 251172K reserved, 0K cma-reserved)
      1 Sep 02 00:25:12 ubuntu kernel: Mount-cache hash table entries: 8192 (order: 4, 65536 bytes, linear)
      1 Sep 02 00:25:12 ubuntu kernel: Mountpoint-cache hash table entries: 8192 (order: 4, 65536 bytes, linear)
      1 Sep 02 00:25:12 ubuntu kernel: mousedev: PS/2 mouse device common for all mice
      1 Sep 02 00:25:12 ubuntu kernel: Movable zone start for each node
      1 Sep 02 00:25:12 ubuntu kernel: mptbase: ioc0: Initiating bringup
      1 Sep 02 00:25:12 ubuntu kernel: MTRR default type: uncachable
      1 Sep 02 00:25:12 ubuntu kernel: MTRR fixed ranges enabled:
      1 Sep 02 00:25:12 ubuntu kernel: MTRR variable ranges enabled:
      1 Sep 02 00:25:12 ubuntu kernel: NetLabel:  domain hash size = 128
      1 Sep 02 00:25:12 ubuntu kernel: NetLabel: Initializing
      1 Sep 02 00:25:12 ubuntu kernel: NetLabel:  protocols = UNLABELED CIPSOv4 CALIPSO
      1 Sep 02 00:25:12 ubuntu kernel: NetLabel:  unlabeled traffic allowed by default
      1 Sep 02 00:25:12 ubuntu kernel: NET: Registered protocol family 1
      1 Sep 02 00:25:12 ubuntu kernel: NET: Registered protocol family 10
      1 Sep 02 00:25:12 ubuntu kernel: NET: Registered protocol family 16
      1 Sep 02 00:25:12 ubuntu kernel: NET: Registered protocol family 17
      1 Sep 02 00:25:12 ubuntu kernel: NET: Registered protocol family 2
      1 Sep 02 00:25:12 ubuntu kernel: NET: Registered protocol family 44
      1 Sep 02 00:25:12 ubuntu kernel: NMI watchdog: Perf NMI watchdog permanently disabled
      1 Sep 02 00:25:12 ubuntu kernel: .... node  #0, CPUs:          #1
      1 Sep 02 00:25:12 ubuntu kernel:   node   0: [mem 0x0000000000001000-0x000000000009dfff]
      1 Sep 02 00:25:12 ubuntu kernel:   node   0: [mem 0x0000000000100000-0x00000000bfecffff]
      1 Sep 02 00:25:12 ubuntu kernel:   node   0: [mem 0x00000000bff00000-0x00000000bfffffff]
      1 Sep 02 00:25:12 ubuntu kernel:   node   0: [mem 0x0000000100000000-0x000000013fffffff]
      1 Sep 02 00:25:12 ubuntu kernel: NODE_DATA(0) allocated [mem 0x13ffd5000-0x13fffffff]
      1 Sep 02 00:25:12 ubuntu kernel:   Normal   [mem 0x0000000100000000-0x000000013fffffff]
      1 Sep 02 00:25:12 ubuntu kernel:   Normal zone: 262144 pages, LIFO batch:63
      1 Sep 02 00:25:12 ubuntu kernel:   Normal zone: 4096 pages used for memmap
      1 Sep 02 00:25:12 ubuntu kernel: NR_IRQS: 524544, nr_irqs: 1448, preallocated irqs: 16
      1 Sep 02 00:25:12 ubuntu kernel: NUMA: Node 0 [mem 0x00000000-0x0009ffff] + [mem 0x00100000-0xbfffffff] -> [mem 0x00000000-0xbfffffff]
      1 Sep 02 00:25:12 ubuntu kernel: NUMA: Node 0 [mem 0x00000000-0xbfffffff] + [mem 0x100000000-0x13fffffff] -> [mem 0x00000000-0x13fffffff]
      1 Sep 02 00:25:12 ubuntu kernel: NX (Execute Disable) protection: active
      1 Sep 02 00:25:12 ubuntu kernel: ohci_hcd: USB 1.1 'Open' Host Controller (OHCI) Driver
      1 Sep 02 00:25:12 ubuntu kernel: ohci-pci: OHCI PCI platform driver
      1 Sep 02 00:25:12 ubuntu kernel: ohci-platform: OHCI generic platform driver
      1 Sep 02 00:25:12 ubuntu kernel: On node 0 totalpages: 1048429
      1 Sep 02 00:25:12 ubuntu kernel: pci 0000:00:00.0: [8086:7190] type 00 class 0x060000
      1 Sep 02 00:25:12 ubuntu kernel: pci 0000:00:00.0: Limiting direct PCI/PCI transfers
      1 Sep 02 00:25:12 ubuntu kernel: pci 0000:00:01.0: [8086:7191] type 01 class 0x060400
      2 Sep 02 00:25:12 ubuntu kernel: pci 0000:00:01.0: PCI bridge to [bus 01]
      1 Sep 02 00:25:12 ubuntu kernel: pci 0000:00:07.0: [8086:7110] type 00 class 0x060100
      1 Sep 02 00:25:12 ubuntu kernel: pci 0000:00:07.1: [8086:7111] type 00 class 0x01018a
      1 Sep 02 00:25:12 ubuntu kernel: pci 0000:00:07.1: legacy IDE quirk: reg 0x10: [io  0x01f0-0x01f7]
      1 Sep 02 00:25:12 ubuntu kernel: pci 0000:00:07.1: legacy IDE quirk: reg 0x14: [io  0x03f6]
      1 Sep 02 00:25:12 ubuntu kernel: pci 0000:00:07.1: legacy IDE quirk: reg 0x18: [io  0x0170-0x0177]
      1 Sep 02 00:25:12 ubuntu kernel: pci 0000:00:07.1: legacy IDE quirk: reg 0x1c: [io  0x0376]
      1 Sep 02 00:25:12 ubuntu kernel: pci 0000:00:07.1: reg 0x20: [io  0x1060-0x106f]
      1 Sep 02 00:25:12 ubuntu kernel: pci 0000:00:07.3: [8086:7113] type 00 class 0x068000
      1 Sep 02 00:25:12 ubuntu kernel: pci 0000:00:07.3: quirk: [io  0x1000-0x103f] claimed by PIIX4 ACPI
      1 Sep 02 00:25:12 ubuntu kernel: pci 0000:00:07.3: quirk: [io  0x1040-0x104f] claimed by PIIX4 SMB
      1 Sep 02 00:25:12 ubuntu kernel: pci 0000:00:07.7: [15ad:0740] type 00 class 0x088000
      1 Sep 02 00:25:12 ubuntu kernel: pci 0000:00:07.7: reg 0x10: [io  0x1080-0x10bf]
      1 Sep 02 00:25:12 ubuntu kernel: pci 0000:00:07.7: reg 0x14: [mem 0xfebfe000-0xfebfffff 64bit]
      1 Sep 02 00:25:12 ubuntu kernel: pci 0000:00:0f.0: [15ad:0405] type 00 class 0x030000
      1 Sep 02 00:25:12 ubuntu kernel: pci 0000:00:0f.0: BAR 6: assigned [mem 0xc0000000-0xc0007fff pref]
      1 Sep 02 00:25:12 ubuntu kernel: pci 0000:00:0f.0: reg 0x10: [io  0x1070-0x107f]
      1 Sep 02 00:25:12 ubuntu kernel: pci 0000:00:0f.0: reg 0x14: [mem 0xe8000000-0xefffffff pref]
      1 Sep 02 00:25:12 ubuntu kernel: pci 0000:00:0f.0: reg 0x18: [mem 0xfe000000-0xfe7fffff]
      1 Sep 02 00:25:12 ubuntu kernel: pci 0000:00:0f.0: reg 0x30: [mem 0x00000000-0x00007fff pref]
      1 Sep 02 00:25:12 ubuntu kernel: pci 0000:00:0f.0: vgaarb: bridge control possible
      1 Sep 02 00:25:12 ubuntu kernel: pci 0000:00:0f.0: vgaarb: setting as boot VGA device
      1 Sep 02 00:25:12 ubuntu kernel: pci 0000:00:0f.0: vgaarb: VGA device added: decodes=io+mem,owns=io+mem,locks=none
      1 Sep 02 00:25:12 ubuntu kernel: pci 0000:00:0f.0: Video device with shadowed ROM at [mem 0x000c0000-0x000dffff]
      1 Sep 02 00:25:12 ubuntu kernel: pci 0000:00:10.0: [1000:0030] type 00 class 0x010000
      1 Sep 02 00:25:12 ubuntu kernel: pci 0000:00:10.0: BAR 6: assigned [mem 0xc0008000-0xc000bfff pref]
      1 Sep 02 00:25:12 ubuntu kernel: pci 0000:00:10.0: reg 0x10: [io  0x1400-0x14ff]
      1 Sep 02 00:25:12 ubuntu kernel: pci 0000:00:10.0: reg 0x14: [mem 0xfeba0000-0xfebbffff 64bit]
      1 Sep 02 00:25:12 ubuntu kernel: pci 0000:00:10.0: reg 0x1c: [mem 0xfebc0000-0xfebdffff 64bit]
      1 Sep 02 00:25:12 ubuntu kernel: pci 0000:00:10.0: reg 0x30: [mem 0x00000000-0x00003fff pref]
      1 Sep 02 00:25:12 ubuntu kernel: pci 0000:00:11.0: [15ad:0790] type 01 class 0x060401
      1 Sep 02 00:25:12 ubuntu kernel: pci 0000:00:11.0:   bridge window [io  0x0000-0x0cf7 window] (subtractive decode)
      1 Sep 02 00:25:12 ubuntu kernel: pci 0000:00:11.0:   bridge window [io  0x0d00-0xfeff window] (subtractive decode)
      2 Sep 02 00:25:12 ubuntu kernel: pci 0000:00:11.0:   bridge window [io  0x2000-0x3fff]
      1 Sep 02 00:25:12 ubuntu kernel: pci 0000:00:11.0:   bridge window [mem 0x000a0000-0x000bffff window] (subtractive decode)
      1 Sep 02 00:25:12 ubuntu kernel: pci 0000:00:11.0:   bridge window [mem 0x000d0000-0x000d3fff window] (subtractive decode)
      1 Sep 02 00:25:12 ubuntu kernel: pci 0000:00:11.0:   bridge window [mem 0x000d4000-0x000d7fff window] (subtractive decode)
      1 Sep 02 00:25:12 ubuntu kernel: pci 0000:00:11.0:   bridge window [mem 0x000d8000-0x000dbfff window] (subtractive decode)
      1 Sep 02 00:25:12 ubuntu kernel: pci 0000:00:11.0:   bridge window [mem 0xc0000000-0xfebfffff window] (subtractive decode)
      2 Sep 02 00:25:12 ubuntu kernel: pci 0000:00:11.0:   bridge window [mem 0xe7b00000-0xe7ffffff 64bit pref]
      2 Sep 02 00:25:12 ubuntu kernel: pci 0000:00:11.0:   bridge window [mem 0xfd500000-0xfdffffff]
      1 Sep 02 00:25:12 ubuntu kernel: pci 0000:00:11.0: PCI bridge to [bus 02]
      1 Sep 02 00:25:12 ubuntu kernel: pci 0000:00:11.0: PCI bridge to [bus 02] (subtractive decode)
      1 Sep 02 00:25:12 ubuntu kernel: pci 0000:00:15.0: [15ad:07a0] type 01 class 0x060400
      2 Sep 02 00:25:12 ubuntu kernel: pci 0000:00:15.0:   bridge window [io  0x4000-0x4fff]
      2 Sep 02 00:25:12 ubuntu kernel: pci 0000:00:15.0:   bridge window [mem 0xe7a00000-0xe7afffff 64bit pref]
      2 Sep 02 00:25:12 ubuntu kernel: pci 0000:00:15.0:   bridge window [mem 0xfd400000-0xfd4fffff]
      2 Sep 02 00:25:12 ubuntu kernel: pci 0000:00:15.0: PCI bridge to [bus 03]
      1 Sep 02 00:25:12 ubuntu kernel: pci 0000:00:15.0: PME# supported from D0 D3hot D3cold
      1 Sep 02 00:25:12 ubuntu kernel: pci 0000:00:15.1: [15ad:07a0] type 01 class 0x060400
      2 Sep 02 00:25:12 ubuntu kernel: pci 0000:00:15.1:   bridge window [io  0x8000-0x8fff]
      2 Sep 02 00:25:12 ubuntu kernel: pci 0000:00:15.1:   bridge window [mem 0xe7600000-0xe76fffff 64bit pref]
      2 Sep 02 00:25:12 ubuntu kernel: pci 0000:00:15.1:   bridge window [mem 0xfd000000-0xfd0fffff]
      2 Sep 02 00:25:12 ubuntu kernel: pci 0000:00:15.1: PCI bridge to [bus 04]
      1 Sep 02 00:25:12 ubuntu kernel: pci 0000:00:15.1: PME# supported from D0 D3hot D3cold
      1 Sep 02 00:25:12 ubuntu kernel: pci 0000:00:15.2: [15ad:07a0] type 01 class 0x060400
      2 Sep 02 00:25:12 ubuntu kernel: pci 0000:00:15.2:   bridge window [io  0xc000-0xcfff]
      2 Sep 02 00:25:12 ubuntu kernel: pci 0000:00:15.2:   bridge window [mem 0xe7200000-0xe72fffff 64bit pref]
      2 Sep 02 00:25:12 ubuntu kernel: pci 0000:00:15.2:   bridge window [mem 0xfcc00000-0xfccfffff]
      2 Sep 02 00:25:12 ubuntu kernel: pci 0000:00:15.2: PCI bridge to [bus 05]
      1 Sep 02 00:25:12 ubuntu kernel: pci 0000:00:15.2: PME# supported from D0 D3hot D3cold
      1 Sep 02 00:25:12 ubuntu kernel: pci 0000:00:15.3: [15ad:07a0] type 01 class 0x060400
      2 Sep 02 00:25:12 ubuntu kernel: pci 0000:00:15.3: BAR 13: failed to assign [io  size 0x1000]
      2 Sep 02 00:25:12 ubuntu kernel: pci 0000:00:15.3: BAR 13: no space for [io  size 0x1000]
      1 Sep 02 00:25:12 ubuntu kernel: pci 0000:00:15.3: bridge window [io  0x1000-0x0fff] to [bus 06] add_size 1000
      2 Sep 02 00:25:12 ubuntu kernel: pci 0000:00:15.3:   bridge window [mem 0xe6e00000-0xe6efffff 64bit pref]
      2 Sep 02 00:25:12 ubuntu kernel: pci 0000:00:15.3:   bridge window [mem 0xfc800000-0xfc8fffff]
      2 Sep 02 00:25:12 ubuntu kernel: pci 0000:00:15.3: PCI bridge to [bus 06]
      1 Sep 02 00:25:12 ubuntu kernel: pci 0000:00:15.3: PME# supported from D0 D3hot D3cold
      1 Sep 02 00:25:12 ubuntu kernel: pci 0000:00:15.4: [15ad:07a0] type 01 class 0x060400
      2 Sep 02 00:25:12 ubuntu kernel: pci 0000:00:15.4: BAR 13: failed to assign [io  size 0x1000]
      2 Sep 02 00:25:12 ubuntu kernel: pci 0000:00:15.4: BAR 13: no space for [io  size 0x1000]
      1 Sep 02 00:25:12 ubuntu kernel: pci 0000:00:15.4: bridge window [io  0x1000-0x0fff] to [bus 07] add_size 1000
      2 Sep 02 00:25:12 ubuntu kernel: pci 0000:00:15.4:   bridge window [mem 0xe6a00000-0xe6afffff 64bit pref]
      2 Sep 02 00:25:12 ubuntu kernel: pci 0000:00:15.4:   bridge window [mem 0xfc400000-0xfc4fffff]
      2 Sep 02 00:25:12 ubuntu kernel: pci 0000:00:15.4: PCI bridge to [bus 07]
      1 Sep 02 00:25:12 ubuntu kernel: pci 0000:00:15.4: PME# supported from D0 D3hot D3cold
      1 Sep 02 00:25:12 ubuntu kernel: pci 0000:00:15.5: [15ad:07a0] type 01 class 0x060400
      2 Sep 02 00:25:12 ubuntu kernel: pci 0000:00:15.5: BAR 13: failed to assign [io  size 0x1000]
      2 Sep 02 00:25:12 ubuntu kernel: pci 0000:00:15.5: BAR 13: no space for [io  size 0x1000]
      1 Sep 02 00:25:12 ubuntu kernel: pci 0000:00:15.5: bridge window [io  0x1000-0x0fff] to [bus 08] add_size 1000
      2 Sep 02 00:25:12 ubuntu kernel: pci 0000:00:15.5:   bridge window [mem 0xe6600000-0xe66fffff 64bit pref]
      2 Sep 02 00:25:12 ubuntu kernel: pci 0000:00:15.5:   bridge window [mem 0xfc000000-0xfc0fffff]
      2 Sep 02 00:25:12 ubuntu kernel: pci 0000:00:15.5: PCI bridge to [bus 08]
      1 Sep 02 00:25:12 ubuntu kernel: pci 0000:00:15.5: PME# supported from D0 D3hot D3cold
      1 Sep 02 00:25:12 ubuntu kernel: pci 0000:00:15.6: [15ad:07a0] type 01 class 0x060400
      2 Sep 02 00:25:12 ubuntu kernel: pci 0000:00:15.6: BAR 13: failed to assign [io  size 0x1000]
      2 Sep 02 00:25:12 ubuntu kernel: pci 0000:00:15.6: BAR 13: no space for [io  size 0x1000]
      1 Sep 02 00:25:12 ubuntu kernel: pci 0000:00:15.6: bridge window [io  0x1000-0x0fff] to [bus 09] add_size 1000
      2 Sep 02 00:25:12 ubuntu kernel: pci 0000:00:15.6:   bridge window [mem 0xe6200000-0xe62fffff 64bit pref]
      2 Sep 02 00:25:12 ubuntu kernel: pci 0000:00:15.6:   bridge window [mem 0xfbc00000-0xfbcfffff]
      2 Sep 02 00:25:12 ubuntu kernel: pci 0000:00:15.6: PCI bridge to [bus 09]
      1 Sep 02 00:25:12 ubuntu kernel: pci 0000:00:15.6: PME# supported from D0 D3hot D3cold
      1 Sep 02 00:25:12 ubuntu kernel: pci 0000:00:15.7: [15ad:07a0] type 01 class 0x060400
      2 Sep 02 00:25:12 ubuntu kernel: pci 0000:00:15.7: BAR 13: failed to assign [io  size 0x1000]
      2 Sep 02 00:25:12 ubuntu kernel: pci 0000:00:15.7: BAR 13: no space for [io  size 0x1000]
      1 Sep 02 00:25:12 ubuntu kernel: pci 0000:00:15.7: bridge window [io  0x1000-0x0fff] to [bus 0a] add_size 1000
      2 Sep 02 00:25:12 ubuntu kernel: pci 0000:00:15.7:   bridge window [mem 0xe5e00000-0xe5efffff 64bit pref]
      2 Sep 02 00:25:12 ubuntu kernel: pci 0000:00:15.7:   bridge window [mem 0xfb800000-0xfb8fffff]
      2 Sep 02 00:25:12 ubuntu kernel: pci 0000:00:15.7: PCI bridge to [bus 0a]
      1 Sep 02 00:25:12 ubuntu kernel: pci 0000:00:15.7: PME# supported from D0 D3hot D3cold
      1 Sep 02 00:25:12 ubuntu kernel: pci 0000:00:16.0: [15ad:07a0] type 01 class 0x060400
      2 Sep 02 00:25:12 ubuntu kernel: pci 0000:00:16.0:   bridge window [io  0x5000-0x5fff]
      2 Sep 02 00:25:12 ubuntu kernel: pci 0000:00:16.0:   bridge window [mem 0xe7900000-0xe79fffff 64bit pref]
      2 Sep 02 00:25:12 ubuntu kernel: pci 0000:00:16.0:   bridge window [mem 0xfd300000-0xfd3fffff]
      2 Sep 02 00:25:12 ubuntu kernel: pci 0000:00:16.0: PCI bridge to [bus 0b]
      1 Sep 02 00:25:12 ubuntu kernel: pci 0000:00:16.0: PME# supported from D0 D3hot D3cold
      1 Sep 02 00:25:12 ubuntu kernel: pci 0000:00:16.1: [15ad:07a0] type 01 class 0x060400
      2 Sep 02 00:25:12 ubuntu kernel: pci 0000:00:16.1:   bridge window [io  0x9000-0x9fff]
      2 Sep 02 00:25:12 ubuntu kernel: pci 0000:00:16.1:   bridge window [mem 0xe7500000-0xe75fffff 64bit pref]
      2 Sep 02 00:25:12 ubuntu kernel: pci 0000:00:16.1:   bridge window [mem 0xfcf00000-0xfcffffff]
      2 Sep 02 00:25:12 ubuntu kernel: pci 0000:00:16.1: PCI bridge to [bus 0c]
      1 Sep 02 00:25:12 ubuntu kernel: pci 0000:00:16.1: PME# supported from D0 D3hot D3cold
      1 Sep 02 00:25:12 ubuntu kernel: pci 0000:00:16.2: [15ad:07a0] type 01 class 0x060400
      2 Sep 02 00:25:12 ubuntu kernel: pci 0000:00:16.2:   bridge window [io  0xd000-0xdfff]
      2 Sep 02 00:25:12 ubuntu kernel: pci 0000:00:16.2:   bridge window [mem 0xe7100000-0xe71fffff 64bit pref]
      2 Sep 02 00:25:12 ubuntu kernel: pci 0000:00:16.2:   bridge window [mem 0xfcb00000-0xfcbfffff]
      2 Sep 02 00:25:12 ubuntu kernel: pci 0000:00:16.2: PCI bridge to [bus 0d]
      1 Sep 02 00:25:12 ubuntu kernel: pci 0000:00:16.2: PME# supported from D0 D3hot D3cold
      1 Sep 02 00:25:12 ubuntu kernel: pci 0000:00:16.3: [15ad:07a0] type 01 class 0x060400
      2 Sep 02 00:25:12 ubuntu kernel: pci 0000:00:16.3: BAR 13: failed to assign [io  size 0x1000]
      2 Sep 02 00:25:12 ubuntu kernel: pci 0000:00:16.3: BAR 13: no space for [io  size 0x1000]
      1 Sep 02 00:25:12 ubuntu kernel: pci 0000:00:16.3: bridge window [io  0x1000-0x0fff] to [bus 0e] add_size 1000
      2 Sep 02 00:25:12 ubuntu kernel: pci 0000:00:16.3:   bridge window [mem 0xe6d00000-0xe6dfffff 64bit pref]
      2 Sep 02 00:25:12 ubuntu kernel: pci 0000:00:16.3:   bridge window [mem 0xfc700000-0xfc7fffff]
      2 Sep 02 00:25:12 ubuntu kernel: pci 0000:00:16.3: PCI bridge to [bus 0e]
      1 Sep 02 00:25:12 ubuntu kernel: pci 0000:00:16.3: PME# supported from D0 D3hot D3cold
      1 Sep 02 00:25:12 ubuntu kernel: pci 0000:00:16.4: [15ad:07a0] type 01 class 0x060400
      2 Sep 02 00:25:12 ubuntu kernel: pci 0000:00:16.4: BAR 13: failed to assign [io  size 0x1000]
      2 Sep 02 00:25:12 ubuntu kernel: pci 0000:00:16.4: BAR 13: no space for [io  size 0x1000]
      1 Sep 02 00:25:12 ubuntu kernel: pci 0000:00:16.4: bridge window [io  0x1000-0x0fff] to [bus 0f] add_size 1000
      2 Sep 02 00:25:12 ubuntu kernel: pci 0000:00:16.4:   bridge window [mem 0xe6900000-0xe69fffff 64bit pref]
      2 Sep 02 00:25:12 ubuntu kernel: pci 0000:00:16.4:   bridge window [mem 0xfc300000-0xfc3fffff]
      2 Sep 02 00:25:12 ubuntu kernel: pci 0000:00:16.4: PCI bridge to [bus 0f]
      1 Sep 02 00:25:12 ubuntu kernel: pci 0000:00:16.4: PME# supported from D0 D3hot D3cold
      1 Sep 02 00:25:12 ubuntu kernel: pci 0000:00:16.5: [15ad:07a0] type 01 class 0x060400
      2 Sep 02 00:25:12 ubuntu kernel: pci 0000:00:16.5: BAR 13: failed to assign [io  size 0x1000]
      2 Sep 02 00:25:12 ubuntu kernel: pci 0000:00:16.5: BAR 13: no space for [io  size 0x1000]
      1 Sep 02 00:25:12 ubuntu kernel: pci 0000:00:16.5: bridge window [io  0x1000-0x0fff] to [bus 10] add_size 1000
      2 Sep 02 00:25:12 ubuntu kernel: pci 0000:00:16.5:   bridge window [mem 0xe6500000-0xe65fffff 64bit pref]
      2 Sep 02 00:25:12 ubuntu kernel: pci 0000:00:16.5:   bridge window [mem 0xfbf00000-0xfbffffff]
      2 Sep 02 00:25:12 ubuntu kernel: pci 0000:00:16.5: PCI bridge to [bus 10]
      1 Sep 02 00:25:12 ubuntu kernel: pci 0000:00:16.5: PME# supported from D0 D3hot D3cold
      1 Sep 02 00:25:12 ubuntu kernel: pci 0000:00:16.6: [15ad:07a0] type 01 class 0x060400
      2 Sep 02 00:25:12 ubuntu kernel: pci 0000:00:16.6: BAR 13: failed to assign [io  size 0x1000]
      2 Sep 02 00:25:12 ubuntu kernel: pci 0000:00:16.6: BAR 13: no space for [io  size 0x1000]
      1 Sep 02 00:25:12 ubuntu kernel: pci 0000:00:16.6: bridge window [io  0x1000-0x0fff] to [bus 11] add_size 1000
      2 Sep 02 00:25:12 ubuntu kernel: pci 0000:00:16.6:   bridge window [mem 0xe6100000-0xe61fffff 64bit pref]
      2 Sep 02 00:25:12 ubuntu kernel: pci 0000:00:16.6:   bridge window [mem 0xfbb00000-0xfbbfffff]
      2 Sep 02 00:25:12 ubuntu kernel: pci 0000:00:16.6: PCI bridge to [bus 11]
      1 Sep 02 00:25:12 ubuntu kernel: pci 0000:00:16.6: PME# supported from D0 D3hot D3cold
      1 Sep 02 00:25:12 ubuntu kernel: pci 0000:00:16.7: [15ad:07a0] type 01 class 0x060400
      2 Sep 02 00:25:12 ubuntu kernel: pci 0000:00:16.7: BAR 13: failed to assign [io  size 0x1000]
      2 Sep 02 00:25:12 ubuntu kernel: pci 0000:00:16.7: BAR 13: no space for [io  size 0x1000]
      1 Sep 02 00:25:12 ubuntu kernel: pci 0000:00:16.7: bridge window [io  0x1000-0x0fff] to [bus 12] add_size 1000
      2 Sep 02 00:25:12 ubuntu kernel: pci 0000:00:16.7:   bridge window [mem 0xe5d00000-0xe5dfffff 64bit pref]
      2 Sep 02 00:25:12 ubuntu kernel: pci 0000:00:16.7:   bridge window [mem 0xfb700000-0xfb7fffff]
      2 Sep 02 00:25:12 ubuntu kernel: pci 0000:00:16.7: PCI bridge to [bus 12]
      1 Sep 02 00:25:12 ubuntu kernel: pci 0000:00:16.7: PME# supported from D0 D3hot D3cold
      1 Sep 02 00:25:12 ubuntu kernel: pci 0000:00:17.0: [15ad:07a0] type 01 class 0x060400
      2 Sep 02 00:25:12 ubuntu kernel: pci 0000:00:17.0:   bridge window [io  0x6000-0x6fff]
      2 Sep 02 00:25:12 ubuntu kernel: pci 0000:00:17.0:   bridge window [mem 0xe7800000-0xe78fffff 64bit pref]
      2 Sep 02 00:25:12 ubuntu kernel: pci 0000:00:17.0:   bridge window [mem 0xfd200000-0xfd2fffff]
      2 Sep 02 00:25:12 ubuntu kernel: pci 0000:00:17.0: PCI bridge to [bus 13]
      1 Sep 02 00:25:12 ubuntu kernel: pci 0000:00:17.0: PME# supported from D0 D3hot D3cold
      1 Sep 02 00:25:12 ubuntu kernel: pci 0000:00:17.1: [15ad:07a0] type 01 class 0x060400
      2 Sep 02 00:25:12 ubuntu kernel: pci 0000:00:17.1:   bridge window [io  0xa000-0xafff]
      2 Sep 02 00:25:12 ubuntu kernel: pci 0000:00:17.1:   bridge window [mem 0xe7400000-0xe74fffff 64bit pref]
      2 Sep 02 00:25:12 ubuntu kernel: pci 0000:00:17.1:   bridge window [mem 0xfce00000-0xfcefffff]
      2 Sep 02 00:25:12 ubuntu kernel: pci 0000:00:17.1: PCI bridge to [bus 14]
      1 Sep 02 00:25:12 ubuntu kernel: pci 0000:00:17.1: PME# supported from D0 D3hot D3cold
      1 Sep 02 00:25:12 ubuntu kernel: pci 0000:00:17.2: [15ad:07a0] type 01 class 0x060400
      2 Sep 02 00:25:12 ubuntu kernel: pci 0000:00:17.2:   bridge window [io  0xe000-0xefff]
      2 Sep 02 00:25:12 ubuntu kernel: pci 0000:00:17.2:   bridge window [mem 0xe7000000-0xe70fffff 64bit pref]
      2 Sep 02 00:25:12 ubuntu kernel: pci 0000:00:17.2:   bridge window [mem 0xfca00000-0xfcafffff]
      2 Sep 02 00:25:12 ubuntu kernel: pci 0000:00:17.2: PCI bridge to [bus 15]
      1 Sep 02 00:25:12 ubuntu kernel: pci 0000:00:17.2: PME# supported from D0 D3hot D3cold
      1 Sep 02 00:25:12 ubuntu kernel: pci 0000:00:17.3: [15ad:07a0] type 01 class 0x060400
      2 Sep 02 00:25:12 ubuntu kernel: pci 0000:00:17.3: BAR 13: failed to assign [io  size 0x1000]
      2 Sep 02 00:25:12 ubuntu kernel: pci 0000:00:17.3: BAR 13: no space for [io  size 0x1000]
      1 Sep 02 00:25:12 ubuntu kernel: pci 0000:00:17.3: bridge window [io  0x1000-0x0fff] to [bus 16] add_size 1000
      2 Sep 02 00:25:12 ubuntu kernel: pci 0000:00:17.3:   bridge window [mem 0xe6c00000-0xe6cfffff 64bit pref]
      2 Sep 02 00:25:12 ubuntu kernel: pci 0000:00:17.3:   bridge window [mem 0xfc600000-0xfc6fffff]
      2 Sep 02 00:25:12 ubuntu kernel: pci 0000:00:17.3: PCI bridge to [bus 16]
      1 Sep 02 00:25:12 ubuntu kernel: pci 0000:00:17.3: PME# supported from D0 D3hot D3cold
      1 Sep 02 00:25:12 ubuntu kernel: pci 0000:00:17.4: [15ad:07a0] type 01 class 0x060400
      2 Sep 02 00:25:12 ubuntu kernel: pci 0000:00:17.4: BAR 13: failed to assign [io  size 0x1000]
      2 Sep 02 00:25:12 ubuntu kernel: pci 0000:00:17.4: BAR 13: no space for [io  size 0x1000]
      1 Sep 02 00:25:12 ubuntu kernel: pci 0000:00:17.4: bridge window [io  0x1000-0x0fff] to [bus 17] add_size 1000
      2 Sep 02 00:25:12 ubuntu kernel: pci 0000:00:17.4:   bridge window [mem 0xe6800000-0xe68fffff 64bit pref]
      2 Sep 02 00:25:12 ubuntu kernel: pci 0000:00:17.4:   bridge window [mem 0xfc200000-0xfc2fffff]
      2 Sep 02 00:25:12 ubuntu kernel: pci 0000:00:17.4: PCI bridge to [bus 17]
      1 Sep 02 00:25:12 ubuntu kernel: pci 0000:00:17.4: PME# supported from D0 D3hot D3cold
      1 Sep 02 00:25:12 ubuntu kernel: pci 0000:00:17.5: [15ad:07a0] type 01 class 0x060400
      2 Sep 02 00:25:12 ubuntu kernel: pci 0000:00:17.5: BAR 13: failed to assign [io  size 0x1000]
      2 Sep 02 00:25:12 ubuntu kernel: pci 0000:00:17.5: BAR 13: no space for [io  size 0x1000]
      1 Sep 02 00:25:12 ubuntu kernel: pci 0000:00:17.5: bridge window [io  0x1000-0x0fff] to [bus 18] add_size 1000
      2 Sep 02 00:25:12 ubuntu kernel: pci 0000:00:17.5:   bridge window [mem 0xe6400000-0xe64fffff 64bit pref]
      2 Sep 02 00:25:12 ubuntu kernel: pci 0000:00:17.5:   bridge window [mem 0xfbe00000-0xfbefffff]
      2 Sep 02 00:25:12 ubuntu kernel: pci 0000:00:17.5: PCI bridge to [bus 18]
      1 Sep 02 00:25:12 ubuntu kernel: pci 0000:00:17.5: PME# supported from D0 D3hot D3cold
      1 Sep 02 00:25:12 ubuntu kernel: pci 0000:00:17.6: [15ad:07a0] type 01 class 0x060400
      2 Sep 02 00:25:12 ubuntu kernel: pci 0000:00:17.6: BAR 13: failed to assign [io  size 0x1000]
      2 Sep 02 00:25:12 ubuntu kernel: pci 0000:00:17.6: BAR 13: no space for [io  size 0x1000]
      1 Sep 02 00:25:12 ubuntu kernel: pci 0000:00:17.6: bridge window [io  0x1000-0x0fff] to [bus 19] add_size 1000
      2 Sep 02 00:25:12 ubuntu kernel: pci 0000:00:17.6:   bridge window [mem 0xe6000000-0xe60fffff 64bit pref]
      2 Sep 02 00:25:12 ubuntu kernel: pci 0000:00:17.6:   bridge window [mem 0xfba00000-0xfbafffff]
      2 Sep 02 00:25:12 ubuntu kernel: pci 0000:00:17.6: PCI bridge to [bus 19]
      1 Sep 02 00:25:12 ubuntu kernel: pci 0000:00:17.6: PME# supported from D0 D3hot D3cold
      1 Sep 02 00:25:12 ubuntu kernel: pci 0000:00:17.7: [15ad:07a0] type 01 class 0x060400
      2 Sep 02 00:25:12 ubuntu kernel: pci 0000:00:17.7: BAR 13: failed to assign [io  size 0x1000]
      2 Sep 02 00:25:12 ubuntu kernel: pci 0000:00:17.7: BAR 13: no space for [io  size 0x1000]
      1 Sep 02 00:25:12 ubuntu kernel: pci 0000:00:17.7: bridge window [io  0x1000-0x0fff] to [bus 1a] add_size 1000
      2 Sep 02 00:25:12 ubuntu kernel: pci 0000:00:17.7:   bridge window [mem 0xe5c00000-0xe5cfffff 64bit pref]
      2 Sep 02 00:25:12 ubuntu kernel: pci 0000:00:17.7:   bridge window [mem 0xfb600000-0xfb6fffff]
      2 Sep 02 00:25:12 ubuntu kernel: pci 0000:00:17.7: PCI bridge to [bus 1a]
      1 Sep 02 00:25:12 ubuntu kernel: pci 0000:00:17.7: PME# supported from D0 D3hot D3cold
      1 Sep 02 00:25:12 ubuntu kernel: pci 0000:00:18.0: [15ad:07a0] type 01 class 0x060400
      2 Sep 02 00:25:12 ubuntu kernel: pci 0000:00:18.0:   bridge window [io  0x7000-0x7fff]
      2 Sep 02 00:25:12 ubuntu kernel: pci 0000:00:18.0:   bridge window [mem 0xe7700000-0xe77fffff 64bit pref]
      2 Sep 02 00:25:12 ubuntu kernel: pci 0000:00:18.0:   bridge window [mem 0xfd100000-0xfd1fffff]
      2 Sep 02 00:25:12 ubuntu kernel: pci 0000:00:18.0: PCI bridge to [bus 1b]
      1 Sep 02 00:25:12 ubuntu kernel: pci 0000:00:18.0: PME# supported from D0 D3hot D3cold
      1 Sep 02 00:25:12 ubuntu kernel: pci 0000:00:18.1: [15ad:07a0] type 01 class 0x060400
      2 Sep 02 00:25:12 ubuntu kernel: pci 0000:00:18.1:   bridge window [io  0xb000-0xbfff]
      2 Sep 02 00:25:12 ubuntu kernel: pci 0000:00:18.1:   bridge window [mem 0xe7300000-0xe73fffff 64bit pref]
      2 Sep 02 00:25:12 ubuntu kernel: pci 0000:00:18.1:   bridge window [mem 0xfcd00000-0xfcdfffff]
      2 Sep 02 00:25:12 ubuntu kernel: pci 0000:00:18.1: PCI bridge to [bus 1c]
      1 Sep 02 00:25:12 ubuntu kernel: pci 0000:00:18.1: PME# supported from D0 D3hot D3cold
      1 Sep 02 00:25:12 ubuntu kernel: pci 0000:00:18.2: [15ad:07a0] type 01 class 0x060400
      2 Sep 02 00:25:12 ubuntu kernel: pci 0000:00:18.2: BAR 13: failed to assign [io  size 0x1000]
      2 Sep 02 00:25:12 ubuntu kernel: pci 0000:00:18.2: BAR 13: no space for [io  size 0x1000]
      1 Sep 02 00:25:12 ubuntu kernel: pci 0000:00:18.2: bridge window [io  0x1000-0x0fff] to [bus 1d] add_size 1000
      2 Sep 02 00:25:12 ubuntu kernel: pci 0000:00:18.2:   bridge window [mem 0xe6f00000-0xe6ffffff 64bit pref]
      2 Sep 02 00:25:12 ubuntu kernel: pci 0000:00:18.2:   bridge window [mem 0xfc900000-0xfc9fffff]
      2 Sep 02 00:25:12 ubuntu kernel: pci 0000:00:18.2: PCI bridge to [bus 1d]
      1 Sep 02 00:25:12 ubuntu kernel: pci 0000:00:18.2: PME# supported from D0 D3hot D3cold
      1 Sep 02 00:25:12 ubuntu kernel: pci 0000:00:18.3: [15ad:07a0] type 01 class 0x060400
      2 Sep 02 00:25:12 ubuntu kernel: pci 0000:00:18.3: BAR 13: failed to assign [io  size 0x1000]
      2 Sep 02 00:25:12 ubuntu kernel: pci 0000:00:18.3: BAR 13: no space for [io  size 0x1000]
      1 Sep 02 00:25:12 ubuntu kernel: pci 0000:00:18.3: bridge window [io  0x1000-0x0fff] to [bus 1e] add_size 1000
      2 Sep 02 00:25:12 ubuntu kernel: pci 0000:00:18.3:   bridge window [mem 0xe6b00000-0xe6bfffff 64bit pref]
      2 Sep 02 00:25:12 ubuntu kernel: pci 0000:00:18.3:   bridge window [mem 0xfc500000-0xfc5fffff]
      2 Sep 02 00:25:12 ubuntu kernel: pci 0000:00:18.3: PCI bridge to [bus 1e]
      1 Sep 02 00:25:12 ubuntu kernel: pci 0000:00:18.3: PME# supported from D0 D3hot D3cold
      1 Sep 02 00:25:12 ubuntu kernel: pci 0000:00:18.4: [15ad:07a0] type 01 class 0x060400
      2 Sep 02 00:25:12 ubuntu kernel: pci 0000:00:18.4: BAR 13: failed to assign [io  size 0x1000]
      2 Sep 02 00:25:12 ubuntu kernel: pci 0000:00:18.4: BAR 13: no space for [io  size 0x1000]
      1 Sep 02 00:25:12 ubuntu kernel: pci 0000:00:18.4: bridge window [io  0x1000-0x0fff] to [bus 1f] add_size 1000
      2 Sep 02 00:25:12 ubuntu kernel: pci 0000:00:18.4:   bridge window [mem 0xe6700000-0xe67fffff 64bit pref]
      2 Sep 02 00:25:12 ubuntu kernel: pci 0000:00:18.4:   bridge window [mem 0xfc100000-0xfc1fffff]
      2 Sep 02 00:25:12 ubuntu kernel: pci 0000:00:18.4: PCI bridge to [bus 1f]
      1 Sep 02 00:25:12 ubuntu kernel: pci 0000:00:18.4: PME# supported from D0 D3hot D3cold
      1 Sep 02 00:25:12 ubuntu kernel: pci 0000:00:18.5: [15ad:07a0] type 01 class 0x060400
      2 Sep 02 00:25:12 ubuntu kernel: pci 0000:00:18.5: BAR 13: failed to assign [io  size 0x1000]
      2 Sep 02 00:25:12 ubuntu kernel: pci 0000:00:18.5: BAR 13: no space for [io  size 0x1000]
      1 Sep 02 00:25:12 ubuntu kernel: pci 0000:00:18.5: bridge window [io  0x1000-0x0fff] to [bus 20] add_size 1000
      2 Sep 02 00:25:12 ubuntu kernel: pci 0000:00:18.5:   bridge window [mem 0xe6300000-0xe63fffff 64bit pref]
      2 Sep 02 00:25:12 ubuntu kernel: pci 0000:00:18.5:   bridge window [mem 0xfbd00000-0xfbdfffff]
      2 Sep 02 00:25:12 ubuntu kernel: pci 0000:00:18.5: PCI bridge to [bus 20]
      1 Sep 02 00:25:12 ubuntu kernel: pci 0000:00:18.5: PME# supported from D0 D3hot D3cold
      1 Sep 02 00:25:12 ubuntu kernel: pci 0000:00:18.6: [15ad:07a0] type 01 class 0x060400
      2 Sep 02 00:25:12 ubuntu kernel: pci 0000:00:18.6: BAR 13: failed to assign [io  size 0x1000]
      2 Sep 02 00:25:12 ubuntu kernel: pci 0000:00:18.6: BAR 13: no space for [io  size 0x1000]
      1 Sep 02 00:25:12 ubuntu kernel: pci 0000:00:18.6: bridge window [io  0x1000-0x0fff] to [bus 21] add_size 1000
      2 Sep 02 00:25:12 ubuntu kernel: pci 0000:00:18.6:   bridge window [mem 0xe5f00000-0xe5ffffff 64bit pref]
      2 Sep 02 00:25:12 ubuntu kernel: pci 0000:00:18.6:   bridge window [mem 0xfb900000-0xfb9fffff]
      2 Sep 02 00:25:12 ubuntu kernel: pci 0000:00:18.6: PCI bridge to [bus 21]
      1 Sep 02 00:25:12 ubuntu kernel: pci 0000:00:18.6: PME# supported from D0 D3hot D3cold
      1 Sep 02 00:25:12 ubuntu kernel: pci 0000:00:18.7: [15ad:07a0] type 01 class 0x060400
      2 Sep 02 00:25:12 ubuntu kernel: pci 0000:00:18.7: BAR 13: failed to assign [io  size 0x1000]
      2 Sep 02 00:25:12 ubuntu kernel: pci 0000:00:18.7: BAR 13: no space for [io  size 0x1000]
      1 Sep 02 00:25:12 ubuntu kernel: pci 0000:00:18.7: bridge window [io  0x1000-0x0fff] to [bus 22] add_size 1000
      2 Sep 02 00:25:12 ubuntu kernel: pci 0000:00:18.7:   bridge window [mem 0xe5b00000-0xe5bfffff 64bit pref]
      2 Sep 02 00:25:12 ubuntu kernel: pci 0000:00:18.7:   bridge window [mem 0xfb500000-0xfb5fffff]
      2 Sep 02 00:25:12 ubuntu kernel: pci 0000:00:18.7: PCI bridge to [bus 22]
      1 Sep 02 00:25:12 ubuntu kernel: pci 0000:00:18.7: PME# supported from D0 D3hot D3cold
      1 Sep 02 00:25:12 ubuntu kernel: pci 0000:02:00.0: [15ad:0774] type 00 class 0x0c0300
      1 Sep 02 00:25:12 ubuntu kernel: pci 0000:02:00.0: reg 0x20: [io  0x2080-0x209f]
      1 Sep 02 00:25:12 ubuntu kernel: pci 0000:02:01.0: [8086:100f] type 00 class 0x020000
      1 Sep 02 00:25:12 ubuntu kernel: pci 0000:02:01.0: BAR 6: assigned [mem 0xfd500000-0xfd50ffff pref]
      1 Sep 02 00:25:12 ubuntu kernel: pci 0000:02:01.0: CLS mismatch (32 != 64), using 64 bytes
      1 Sep 02 00:25:12 ubuntu kernel: pci 0000:02:01.0: PME# supported from D0 D3hot D3cold
      1 Sep 02 00:25:12 ubuntu kernel: pci 0000:02:01.0: reg 0x10: [mem 0xfd5c0000-0xfd5dffff 64bit]
      1 Sep 02 00:25:12 ubuntu kernel: pci 0000:02:01.0: reg 0x18: [mem 0xfdff0000-0xfdffffff 64bit]
      1 Sep 02 00:25:12 ubuntu kernel: pci 0000:02:01.0: reg 0x20: [io  0x2000-0x203f]
      1 Sep 02 00:25:12 ubuntu kernel: pci 0000:02:01.0: reg 0x30: [mem 0x00000000-0x0000ffff pref]
      1 Sep 02 00:25:12 ubuntu kernel: pci 0000:02:02.0: [1274:1371] type 00 class 0x040100
      1 Sep 02 00:25:12 ubuntu kernel: pci 0000:02:02.0: reg 0x10: [io  0x2040-0x207f]
      1 Sep 02 00:25:12 ubuntu kernel: pci 0000:02:03.0: [15ad:0770] type 00 class 0x0c0320
      1 Sep 02 00:25:12 ubuntu kernel: pci 0000:02:03.0: reg 0x10: [mem 0xfd5ef000-0xfd5effff]
      1 Sep 02 00:25:12 ubuntu kernel: pci 0000:02:04.0: [15ad:07e0] type 00 class 0x010601
      1 Sep 02 00:25:12 ubuntu kernel: pci 0000:02:04.0: BAR 6: assigned [mem 0xfd510000-0xfd51ffff pref]
      1 Sep 02 00:25:12 ubuntu kernel: pci 0000:02:04.0: PME# supported from D3hot
      1 Sep 02 00:25:12 ubuntu kernel: pci 0000:02:04.0: reg 0x24: [mem 0xfd5ee000-0xfd5eefff]
      1 Sep 02 00:25:12 ubuntu kernel: pci 0000:02:04.0: reg 0x30: [mem 0x00000000-0x0000ffff pref]
      1 Sep 02 00:25:12 ubuntu kernel: pci_bus 0000:00: resource 10 [io  0x0d00-0xfeff window]
      1 Sep 02 00:25:12 ubuntu kernel: pci_bus 0000:00: resource 4 [mem 0x000a0000-0x000bffff window]
      1 Sep 02 00:25:12 ubuntu kernel: pci_bus 0000:00: resource 5 [mem 0x000d0000-0x000d3fff window]
      1 Sep 02 00:25:12 ubuntu kernel: pci_bus 0000:00: resource 6 [mem 0x000d4000-0x000d7fff window]
      1 Sep 02 00:25:12 ubuntu kernel: pci_bus 0000:00: resource 7 [mem 0x000d8000-0x000dbfff window]
      1 Sep 02 00:25:12 ubuntu kernel: pci_bus 0000:00: resource 8 [mem 0xc0000000-0xfebfffff window]
      1 Sep 02 00:25:12 ubuntu kernel: pci_bus 0000:00: resource 9 [io  0x0000-0x0cf7 window]
      1 Sep 02 00:25:12 ubuntu kernel: pci_bus 0000:00: root bus resource [bus 00-7f]
      1 Sep 02 00:25:12 ubuntu kernel: pci_bus 0000:00: root bus resource [io  0x0000-0x0cf7 window]
      1 Sep 02 00:25:12 ubuntu kernel: pci_bus 0000:00: root bus resource [io  0x0d00-0xfeff window]
      1 Sep 02 00:25:12 ubuntu kernel: pci_bus 0000:00: root bus resource [mem 0x000a0000-0x000bffff window]
      1 Sep 02 00:25:12 ubuntu kernel: pci_bus 0000:00: root bus resource [mem 0x000d0000-0x000d3fff window]
      1 Sep 02 00:25:12 ubuntu kernel: pci_bus 0000:00: root bus resource [mem 0x000d4000-0x000d7fff window]
      1 Sep 02 00:25:12 ubuntu kernel: pci_bus 0000:00: root bus resource [mem 0x000d8000-0x000dbfff window]
      1 Sep 02 00:25:12 ubuntu kernel: pci_bus 0000:00: root bus resource [mem 0xc0000000-0xfebfffff window]
      1 Sep 02 00:25:12 ubuntu kernel: pci_bus 0000:01: extended config space not accessible
      1 Sep 02 00:25:12 ubuntu kernel: pci_bus 0000:02: extended config space not accessible
      1 Sep 02 00:25:12 ubuntu kernel: pci_bus 0000:02: resource 0 [io  0x2000-0x3fff]
      1 Sep 02 00:25:12 ubuntu kernel: pci_bus 0000:02: resource 10 [io  0x0d00-0xfeff window]
      1 Sep 02 00:25:12 ubuntu kernel: pci_bus 0000:02: resource 1 [mem 0xfd500000-0xfdffffff]
      1 Sep 02 00:25:12 ubuntu kernel: pci_bus 0000:02: resource 2 [mem 0xe7b00000-0xe7ffffff 64bit pref]
      1 Sep 02 00:25:12 ubuntu kernel: pci_bus 0000:02: resource 4 [mem 0x000a0000-0x000bffff window]
      1 Sep 02 00:25:12 ubuntu kernel: pci_bus 0000:02: resource 5 [mem 0x000d0000-0x000d3fff window]
      1 Sep 02 00:25:12 ubuntu kernel: pci_bus 0000:02: resource 6 [mem 0x000d4000-0x000d7fff window]
      1 Sep 02 00:25:12 ubuntu kernel: pci_bus 0000:02: resource 7 [mem 0x000d8000-0x000dbfff window]
      1 Sep 02 00:25:12 ubuntu kernel: pci_bus 0000:02: resource 8 [mem 0xc0000000-0xfebfffff window]
      1 Sep 02 00:25:12 ubuntu kernel: pci_bus 0000:02: resource 9 [io  0x0000-0x0cf7 window]
      1 Sep 02 00:25:12 ubuntu kernel: pci_bus 0000:03: resource 0 [io  0x4000-0x4fff]
      1 Sep 02 00:25:12 ubuntu kernel: pci_bus 0000:03: resource 1 [mem 0xfd400000-0xfd4fffff]
      1 Sep 02 00:25:12 ubuntu kernel: pci_bus 0000:03: resource 2 [mem 0xe7a00000-0xe7afffff 64bit pref]
      1 Sep 02 00:25:12 ubuntu kernel: pci_bus 0000:04: resource 0 [io  0x8000-0x8fff]
      1 Sep 02 00:25:12 ubuntu kernel: pci_bus 0000:04: resource 1 [mem 0xfd000000-0xfd0fffff]
      1 Sep 02 00:25:12 ubuntu kernel: pci_bus 0000:04: resource 2 [mem 0xe7600000-0xe76fffff 64bit pref]
      1 Sep 02 00:25:12 ubuntu kernel: pci_bus 0000:05: resource 0 [io  0xc000-0xcfff]
      1 Sep 02 00:25:12 ubuntu kernel: pci_bus 0000:05: resource 1 [mem 0xfcc00000-0xfccfffff]
      1 Sep 02 00:25:12 ubuntu kernel: pci_bus 0000:05: resource 2 [mem 0xe7200000-0xe72fffff 64bit pref]
      1 Sep 02 00:25:12 ubuntu kernel: pci_bus 0000:06: resource 1 [mem 0xfc800000-0xfc8fffff]
      1 Sep 02 00:25:12 ubuntu kernel: pci_bus 0000:06: resource 2 [mem 0xe6e00000-0xe6efffff 64bit pref]
      1 Sep 02 00:25:12 ubuntu kernel: pci_bus 0000:07: resource 1 [mem 0xfc400000-0xfc4fffff]
      1 Sep 02 00:25:12 ubuntu kernel: pci_bus 0000:07: resource 2 [mem 0xe6a00000-0xe6afffff 64bit pref]
      1 Sep 02 00:25:12 ubuntu kernel: pci_bus 0000:08: resource 1 [mem 0xfc000000-0xfc0fffff]
      1 Sep 02 00:25:12 ubuntu kernel: pci_bus 0000:08: resource 2 [mem 0xe6600000-0xe66fffff 64bit pref]
      1 Sep 02 00:25:12 ubuntu kernel: pci_bus 0000:09: resource 1 [mem 0xfbc00000-0xfbcfffff]
      1 Sep 02 00:25:12 ubuntu kernel: pci_bus 0000:09: resource 2 [mem 0xe6200000-0xe62fffff 64bit pref]
      1 Sep 02 00:25:12 ubuntu kernel: pci_bus 0000:0a: resource 1 [mem 0xfb800000-0xfb8fffff]
      1 Sep 02 00:25:12 ubuntu kernel: pci_bus 0000:0a: resource 2 [mem 0xe5e00000-0xe5efffff 64bit pref]
      1 Sep 02 00:25:12 ubuntu kernel: pci_bus 0000:0b: resource 0 [io  0x5000-0x5fff]
      1 Sep 02 00:25:12 ubuntu kernel: pci_bus 0000:0b: resource 1 [mem 0xfd300000-0xfd3fffff]
      1 Sep 02 00:25:12 ubuntu kernel: pci_bus 0000:0b: resource 2 [mem 0xe7900000-0xe79fffff 64bit pref]
      1 Sep 02 00:25:12 ubuntu kernel: pci_bus 0000:0c: resource 0 [io  0x9000-0x9fff]
      1 Sep 02 00:25:12 ubuntu kernel: pci_bus 0000:0c: resource 1 [mem 0xfcf00000-0xfcffffff]
      1 Sep 02 00:25:12 ubuntu kernel: pci_bus 0000:0c: resource 2 [mem 0xe7500000-0xe75fffff 64bit pref]
      1 Sep 02 00:25:12 ubuntu kernel: pci_bus 0000:0d: resource 0 [io  0xd000-0xdfff]
      1 Sep 02 00:25:12 ubuntu kernel: pci_bus 0000:0d: resource 1 [mem 0xfcb00000-0xfcbfffff]
      1 Sep 02 00:25:12 ubuntu kernel: pci_bus 0000:0d: resource 2 [mem 0xe7100000-0xe71fffff 64bit pref]
      1 Sep 02 00:25:12 ubuntu kernel: pci_bus 0000:0e: resource 1 [mem 0xfc700000-0xfc7fffff]
      1 Sep 02 00:25:12 ubuntu kernel: pci_bus 0000:0e: resource 2 [mem 0xe6d00000-0xe6dfffff 64bit pref]
      1 Sep 02 00:25:12 ubuntu kernel: pci_bus 0000:0f: resource 1 [mem 0xfc300000-0xfc3fffff]
      1 Sep 02 00:25:12 ubuntu kernel: pci_bus 0000:0f: resource 2 [mem 0xe6900000-0xe69fffff 64bit pref]
      1 Sep 02 00:25:12 ubuntu kernel: pci_bus 0000:10: resource 1 [mem 0xfbf00000-0xfbffffff]
      1 Sep 02 00:25:12 ubuntu kernel: pci_bus 0000:10: resource 2 [mem 0xe6500000-0xe65fffff 64bit pref]
      1 Sep 02 00:25:12 ubuntu kernel: pci_bus 0000:11: resource 1 [mem 0xfbb00000-0xfbbfffff]
      1 Sep 02 00:25:12 ubuntu kernel: pci_bus 0000:11: resource 2 [mem 0xe6100000-0xe61fffff 64bit pref]
      1 Sep 02 00:25:12 ubuntu kernel: pci_bus 0000:12: resource 1 [mem 0xfb700000-0xfb7fffff]
      1 Sep 02 00:25:12 ubuntu kernel: pci_bus 0000:12: resource 2 [mem 0xe5d00000-0xe5dfffff 64bit pref]
      1 Sep 02 00:25:12 ubuntu kernel: pci_bus 0000:13: resource 0 [io  0x6000-0x6fff]
      1 Sep 02 00:25:12 ubuntu kernel: pci_bus 0000:13: resource 1 [mem 0xfd200000-0xfd2fffff]
      1 Sep 02 00:25:12 ubuntu kernel: pci_bus 0000:13: resource 2 [mem 0xe7800000-0xe78fffff 64bit pref]
      1 Sep 02 00:25:12 ubuntu kernel: pci_bus 0000:14: resource 0 [io  0xa000-0xafff]
      1 Sep 02 00:25:12 ubuntu kernel: pci_bus 0000:14: resource 1 [mem 0xfce00000-0xfcefffff]
      1 Sep 02 00:25:12 ubuntu kernel: pci_bus 0000:14: resource 2 [mem 0xe7400000-0xe74fffff 64bit pref]
      1 Sep 02 00:25:12 ubuntu kernel: pci_bus 0000:15: resource 0 [io  0xe000-0xefff]
      1 Sep 02 00:25:12 ubuntu kernel: pci_bus 0000:15: resource 1 [mem 0xfca00000-0xfcafffff]
      1 Sep 02 00:25:12 ubuntu kernel: pci_bus 0000:15: resource 2 [mem 0xe7000000-0xe70fffff 64bit pref]
      1 Sep 02 00:25:12 ubuntu kernel: pci_bus 0000:16: resource 1 [mem 0xfc600000-0xfc6fffff]
      1 Sep 02 00:25:12 ubuntu kernel: pci_bus 0000:16: resource 2 [mem 0xe6c00000-0xe6cfffff 64bit pref]
      1 Sep 02 00:25:12 ubuntu kernel: pci_bus 0000:17: resource 1 [mem 0xfc200000-0xfc2fffff]
      1 Sep 02 00:25:12 ubuntu kernel: pci_bus 0000:17: resource 2 [mem 0xe6800000-0xe68fffff 64bit pref]
      1 Sep 02 00:25:12 ubuntu kernel: pci_bus 0000:18: resource 1 [mem 0xfbe00000-0xfbefffff]
      1 Sep 02 00:25:12 ubuntu kernel: pci_bus 0000:18: resource 2 [mem 0xe6400000-0xe64fffff 64bit pref]
      1 Sep 02 00:25:12 ubuntu kernel: pci_bus 0000:19: resource 1 [mem 0xfba00000-0xfbafffff]
      1 Sep 02 00:25:12 ubuntu kernel: pci_bus 0000:19: resource 2 [mem 0xe6000000-0xe60fffff 64bit pref]
      1 Sep 02 00:25:12 ubuntu kernel: pci_bus 0000:1a: resource 1 [mem 0xfb600000-0xfb6fffff]
      1 Sep 02 00:25:12 ubuntu kernel: pci_bus 0000:1a: resource 2 [mem 0xe5c00000-0xe5cfffff 64bit pref]
      1 Sep 02 00:25:12 ubuntu kernel: pci_bus 0000:1b: resource 0 [io  0x7000-0x7fff]
      1 Sep 02 00:25:12 ubuntu kernel: pci_bus 0000:1b: resource 1 [mem 0xfd100000-0xfd1fffff]
      1 Sep 02 00:25:12 ubuntu kernel: pci_bus 0000:1b: resource 2 [mem 0xe7700000-0xe77fffff 64bit pref]
      1 Sep 02 00:25:12 ubuntu kernel: pci_bus 0000:1c: resource 0 [io  0xb000-0xbfff]
      1 Sep 02 00:25:12 ubuntu kernel: pci_bus 0000:1c: resource 1 [mem 0xfcd00000-0xfcdfffff]
      1 Sep 02 00:25:12 ubuntu kernel: pci_bus 0000:1c: resource 2 [mem 0xe7300000-0xe73fffff 64bit pref]
      1 Sep 02 00:25:12 ubuntu kernel: pci_bus 0000:1d: resource 1 [mem 0xfc900000-0xfc9fffff]
      1 Sep 02 00:25:12 ubuntu kernel: pci_bus 0000:1d: resource 2 [mem 0xe6f00000-0xe6ffffff 64bit pref]
      1 Sep 02 00:25:12 ubuntu kernel: pci_bus 0000:1e: resource 1 [mem 0xfc500000-0xfc5fffff]
      1 Sep 02 00:25:12 ubuntu kernel: pci_bus 0000:1e: resource 2 [mem 0xe6b00000-0xe6bfffff 64bit pref]
      1 Sep 02 00:25:12 ubuntu kernel: pci_bus 0000:1f: resource 1 [mem 0xfc100000-0xfc1fffff]
      1 Sep 02 00:25:12 ubuntu kernel: pci_bus 0000:1f: resource 2 [mem 0xe6700000-0xe67fffff 64bit pref]
      1 Sep 02 00:25:12 ubuntu kernel: pci_bus 0000:20: resource 1 [mem 0xfbd00000-0xfbdfffff]
      1 Sep 02 00:25:12 ubuntu kernel: pci_bus 0000:20: resource 2 [mem 0xe6300000-0xe63fffff 64bit pref]
      1 Sep 02 00:25:12 ubuntu kernel: pci_bus 0000:21: resource 1 [mem 0xfb900000-0xfb9fffff]
      1 Sep 02 00:25:12 ubuntu kernel: pci_bus 0000:21: resource 2 [mem 0xe5f00000-0xe5ffffff 64bit pref]
      1 Sep 02 00:25:12 ubuntu kernel: pci_bus 0000:22: resource 1 [mem 0xfb500000-0xfb5fffff]
      1 Sep 02 00:25:12 ubuntu kernel: pci_bus 0000:22: resource 2 [mem 0xe5b00000-0xe5bfffff 64bit pref]
      1 Sep 02 00:25:12 ubuntu kernel: PCI-DMA: Using software bounce buffering for IO (SWIOTLB)
      1 Sep 02 00:25:12 ubuntu kernel: pcieport 0000:00:15.0: pciehp: Slot #160 AttnBtn+ PwrCtrl+ MRL- AttnInd- PwrInd- HotPlug+ Surprise- Interlock- NoCompl+ LLActRep+
      1 Sep 02 00:25:12 ubuntu kernel: pcieport 0000:00:15.0: PME: Signaling with IRQ 24
      1 Sep 02 00:25:12 ubuntu kernel: pcieport 0000:00:15.1: pciehp: Slot #161 AttnBtn+ PwrCtrl+ MRL- AttnInd- PwrInd- HotPlug+ Surprise- Interlock- NoCompl+ LLActRep+
      1 Sep 02 00:25:12 ubuntu kernel: pcieport 0000:00:15.1: PME: Signaling with IRQ 25
      1 Sep 02 00:25:12 ubuntu kernel: pcieport 0000:00:15.2: pciehp: Slot #162 AttnBtn+ PwrCtrl+ MRL- AttnInd- PwrInd- HotPlug+ Surprise- Interlock- NoCompl+ LLActRep+
      1 Sep 02 00:25:12 ubuntu kernel: pcieport 0000:00:15.2: PME: Signaling with IRQ 26
      1 Sep 02 00:25:12 ubuntu kernel: pcieport 0000:00:15.3: pciehp: Slot #163 AttnBtn+ PwrCtrl+ MRL- AttnInd- PwrInd- HotPlug+ Surprise- Interlock- NoCompl+ LLActRep+
      1 Sep 02 00:25:12 ubuntu kernel: pcieport 0000:00:15.3: PME: Signaling with IRQ 27
      1 Sep 02 00:25:12 ubuntu kernel: pcieport 0000:00:15.4: pciehp: Slot #164 AttnBtn+ PwrCtrl+ MRL- AttnInd- PwrInd- HotPlug+ Surprise- Interlock- NoCompl+ LLActRep+
      1 Sep 02 00:25:12 ubuntu kernel: pcieport 0000:00:15.4: PME: Signaling with IRQ 28
      1 Sep 02 00:25:12 ubuntu kernel: pcieport 0000:00:15.5: pciehp: Slot #165 AttnBtn+ PwrCtrl+ MRL- AttnInd- PwrInd- HotPlug+ Surprise- Interlock- NoCompl+ LLActRep+
      1 Sep 02 00:25:12 ubuntu kernel: pcieport 0000:00:15.5: PME: Signaling with IRQ 29
      1 Sep 02 00:25:12 ubuntu kernel: pcieport 0000:00:15.6: pciehp: Slot #166 AttnBtn+ PwrCtrl+ MRL- AttnInd- PwrInd- HotPlug+ Surprise- Interlock- NoCompl+ LLActRep+
      1 Sep 02 00:25:12 ubuntu kernel: pcieport 0000:00:15.6: PME: Signaling with IRQ 30
      1 Sep 02 00:25:12 ubuntu kernel: pcieport 0000:00:15.7: pciehp: Slot #167 AttnBtn+ PwrCtrl+ MRL- AttnInd- PwrInd- HotPlug+ Surprise- Interlock- NoCompl+ LLActRep+
      1 Sep 02 00:25:12 ubuntu kernel: pcieport 0000:00:15.7: PME: Signaling with IRQ 31
      1 Sep 02 00:25:12 ubuntu kernel: pcieport 0000:00:16.0: pciehp: Slot #192 AttnBtn+ PwrCtrl+ MRL- AttnInd- PwrInd- HotPlug+ Surprise- Interlock- NoCompl+ LLActRep+
      1 Sep 02 00:25:12 ubuntu kernel: pcieport 0000:00:16.0: PME: Signaling with IRQ 32
      1 Sep 02 00:25:12 ubuntu kernel: pcieport 0000:00:16.1: pciehp: Slot #193 AttnBtn+ PwrCtrl+ MRL- AttnInd- PwrInd- HotPlug+ Surprise- Interlock- NoCompl+ LLActRep+
      1 Sep 02 00:25:12 ubuntu kernel: pcieport 0000:00:16.1: PME: Signaling with IRQ 33
      1 Sep 02 00:25:12 ubuntu kernel: pcieport 0000:00:16.2: pciehp: Slot #194 AttnBtn+ PwrCtrl+ MRL- AttnInd- PwrInd- HotPlug+ Surprise- Interlock- NoCompl+ LLActRep+
      1 Sep 02 00:25:12 ubuntu kernel: pcieport 0000:00:16.2: PME: Signaling with IRQ 34
      1 Sep 02 00:25:12 ubuntu kernel: pcieport 0000:00:16.3: pciehp: Slot #195 AttnBtn+ PwrCtrl+ MRL- AttnInd- PwrInd- HotPlug+ Surprise- Interlock- NoCompl+ LLActRep+
      1 Sep 02 00:25:12 ubuntu kernel: pcieport 0000:00:16.3: PME: Signaling with IRQ 35
      1 Sep 02 00:25:12 ubuntu kernel: pcieport 0000:00:16.4: pciehp: Slot #196 AttnBtn+ PwrCtrl+ MRL- AttnInd- PwrInd- HotPlug+ Surprise- Interlock- NoCompl+ LLActRep+
      1 Sep 02 00:25:12 ubuntu kernel: pcieport 0000:00:16.4: PME: Signaling with IRQ 36
      1 Sep 02 00:25:12 ubuntu kernel: pcieport 0000:00:16.5: pciehp: Slot #197 AttnBtn+ PwrCtrl+ MRL- AttnInd- PwrInd- HotPlug+ Surprise- Interlock- NoCompl+ LLActRep+
      1 Sep 02 00:25:12 ubuntu kernel: pcieport 0000:00:16.5: PME: Signaling with IRQ 37
      1 Sep 02 00:25:12 ubuntu kernel: pcieport 0000:00:16.6: pciehp: Slot #198 AttnBtn+ PwrCtrl+ MRL- AttnInd- PwrInd- HotPlug+ Surprise- Interlock- NoCompl+ LLActRep+
      1 Sep 02 00:25:12 ubuntu kernel: pcieport 0000:00:16.6: PME: Signaling with IRQ 38
      1 Sep 02 00:25:12 ubuntu kernel: pcieport 0000:00:16.7: pciehp: Slot #199 AttnBtn+ PwrCtrl+ MRL- AttnInd- PwrInd- HotPlug+ Surprise- Interlock- NoCompl+ LLActRep+
      1 Sep 02 00:25:12 ubuntu kernel: pcieport 0000:00:16.7: PME: Signaling with IRQ 39
      1 Sep 02 00:25:12 ubuntu kernel: pcieport 0000:00:17.0: pciehp: Slot #224 AttnBtn+ PwrCtrl+ MRL- AttnInd- PwrInd- HotPlug+ Surprise- Interlock- NoCompl+ LLActRep+
      1 Sep 02 00:25:12 ubuntu kernel: pcieport 0000:00:17.0: PME: Signaling with IRQ 40
      1 Sep 02 00:25:12 ubuntu kernel: pcieport 0000:00:17.1: pciehp: Slot #225 AttnBtn+ PwrCtrl+ MRL- AttnInd- PwrInd- HotPlug+ Surprise- Interlock- NoCompl+ LLActRep+
      1 Sep 02 00:25:12 ubuntu kernel: pcieport 0000:00:17.1: PME: Signaling with IRQ 41
      1 Sep 02 00:25:12 ubuntu kernel: pcieport 0000:00:17.2: pciehp: Slot #226 AttnBtn+ PwrCtrl+ MRL- AttnInd- PwrInd- HotPlug+ Surprise- Interlock- NoCompl+ LLActRep+
      1 Sep 02 00:25:12 ubuntu kernel: pcieport 0000:00:17.2: PME: Signaling with IRQ 42
      1 Sep 02 00:25:12 ubuntu kernel: pcieport 0000:00:17.3: pciehp: Slot #227 AttnBtn+ PwrCtrl+ MRL- AttnInd- PwrInd- HotPlug+ Surprise- Interlock- NoCompl+ LLActRep+
      1 Sep 02 00:25:12 ubuntu kernel: pcieport 0000:00:17.3: PME: Signaling with IRQ 43
      1 Sep 02 00:25:12 ubuntu kernel: pcieport 0000:00:17.4: pciehp: Slot #228 AttnBtn+ PwrCtrl+ MRL- AttnInd- PwrInd- HotPlug+ Surprise- Interlock- NoCompl+ LLActRep+
      1 Sep 02 00:25:12 ubuntu kernel: pcieport 0000:00:17.4: PME: Signaling with IRQ 44
      1 Sep 02 00:25:12 ubuntu kernel: pcieport 0000:00:17.5: pciehp: Slot #229 AttnBtn+ PwrCtrl+ MRL- AttnInd- PwrInd- HotPlug+ Surprise- Interlock- NoCompl+ LLActRep+
      1 Sep 02 00:25:12 ubuntu kernel: pcieport 0000:00:17.5: PME: Signaling with IRQ 45
      1 Sep 02 00:25:12 ubuntu kernel: pcieport 0000:00:17.6: pciehp: Slot #230 AttnBtn+ PwrCtrl+ MRL- AttnInd- PwrInd- HotPlug+ Surprise- Interlock- NoCompl+ LLActRep+
      1 Sep 02 00:25:12 ubuntu kernel: pcieport 0000:00:17.6: PME: Signaling with IRQ 46
      1 Sep 02 00:25:12 ubuntu kernel: pcieport 0000:00:17.7: pciehp: Slot #231 AttnBtn+ PwrCtrl+ MRL- AttnInd- PwrInd- HotPlug+ Surprise- Interlock- NoCompl+ LLActRep+
      1 Sep 02 00:25:12 ubuntu kernel: pcieport 0000:00:17.7: PME: Signaling with IRQ 47
      1 Sep 02 00:25:12 ubuntu kernel: pcieport 0000:00:18.0: pciehp: Slot #256 AttnBtn+ PwrCtrl+ MRL- AttnInd- PwrInd- HotPlug+ Surprise- Interlock- NoCompl+ LLActRep+
      1 Sep 02 00:25:12 ubuntu kernel: pcieport 0000:00:18.0: PME: Signaling with IRQ 48
      1 Sep 02 00:25:12 ubuntu kernel: pcieport 0000:00:18.1: pciehp: Slot #257 AttnBtn+ PwrCtrl+ MRL- AttnInd- PwrInd- HotPlug+ Surprise- Interlock- NoCompl+ LLActRep+
      1 Sep 02 00:25:12 ubuntu kernel: pcieport 0000:00:18.1: PME: Signaling with IRQ 49
      1 Sep 02 00:25:12 ubuntu kernel: pcieport 0000:00:18.2: pciehp: Slot #258 AttnBtn+ PwrCtrl+ MRL- AttnInd- PwrInd- HotPlug+ Surprise- Interlock- NoCompl+ LLActRep+
      1 Sep 02 00:25:12 ubuntu kernel: pcieport 0000:00:18.2: PME: Signaling with IRQ 50
      1 Sep 02 00:25:12 ubuntu kernel: pcieport 0000:00:18.3: pciehp: Slot #259 AttnBtn+ PwrCtrl+ MRL- AttnInd- PwrInd- HotPlug+ Surprise- Interlock- NoCompl+ LLActRep+
      1 Sep 02 00:25:12 ubuntu kernel: pcieport 0000:00:18.3: PME: Signaling with IRQ 51
      1 Sep 02 00:25:12 ubuntu kernel: pcieport 0000:00:18.4: pciehp: Slot #260 AttnBtn+ PwrCtrl+ MRL- AttnInd- PwrInd- HotPlug+ Surprise- Interlock- NoCompl+ LLActRep+
      1 Sep 02 00:25:12 ubuntu kernel: pcieport 0000:00:18.4: PME: Signaling with IRQ 52
      1 Sep 02 00:25:12 ubuntu kernel: pcieport 0000:00:18.5: pciehp: Slot #261 AttnBtn+ PwrCtrl+ MRL- AttnInd- PwrInd- HotPlug+ Surprise- Interlock- NoCompl+ LLActRep+
      1 Sep 02 00:25:12 ubuntu kernel: pcieport 0000:00:18.5: PME: Signaling with IRQ 53
      1 Sep 02 00:25:12 ubuntu kernel: pcieport 0000:00:18.6: pciehp: Slot #262 AttnBtn+ PwrCtrl+ MRL- AttnInd- PwrInd- HotPlug+ Surprise- Interlock- NoCompl+ LLActRep+
      1 Sep 02 00:25:12 ubuntu kernel: pcieport 0000:00:18.6: PME: Signaling with IRQ 54
      1 Sep 02 00:25:12 ubuntu kernel: pcieport 0000:00:18.7: pciehp: Slot #263 AttnBtn+ PwrCtrl+ MRL- AttnInd- PwrInd- HotPlug+ Surprise- Interlock- NoCompl+ LLActRep+
      1 Sep 02 00:25:12 ubuntu kernel: pcieport 0000:00:18.7: PME: Signaling with IRQ 55
      1 Sep 02 00:25:12 ubuntu kernel: PCI host bridge to bus 0000:00
      1 Sep 02 00:25:12 ubuntu kernel: PCI: MMCONFIG at [mem 0xf0000000-0xf7ffffff] reserved in E820
      1 Sep 02 00:25:12 ubuntu kernel: PCI: MMCONFIG for domain 0000 [bus 00-7f] at [mem 0xf0000000-0xf7ffffff] (base 0xf0000000)
      1 Sep 02 00:25:12 ubuntu kernel: PCI: pci_cache_line_size set to 64 bytes
      1 Sep 02 00:25:12 ubuntu kernel: PCI: Using ACPI for IRQ routing
      1 Sep 02 00:25:12 ubuntu kernel: PCI: Using configuration type 1 for base access
